OpenROAD 41a51eaf4ca2171c92ff38afb91eb37bbd3f36da 
This program is licensed under the BSD-3 license. See the LICENSE file for details.
Components of this program may be licensed under more restrictive licenses which must be honored.
[INFO]: Reading ODB at '/openlane/designs/RiscvALU/runs/RUN_2026.09.20_19.53.10/tmp/routing/22-fill.odb'…
define_corners Typical
read_liberty -corner Typical /home/onur/.ciel/ciel/sky130/versions/0fe599b2afb6708d281543108caf8310912f54af/sky130A/libs.ref/sky130_fd_sc_hd/lib/MySCL_M_tt.lib
Using 1e-12 for capacitance...
Using 1e+03 for resistance...
Using 1e-09 for time...
Using 1e+00 for voltage...
Using 1e-03 for current...
Using 1e-09 for power...
Using 1e-06 for distance...
Reading design constraints file at '/openlane/designs/RiscvALU/runs/RUN_2026.09.20_19.53.10/tmp/17-ALU.sdc'…
[INFO ORD-0030] Using 2 thread(s).
[INFO DRT-0149] Reading tech and libs.

Units:                1000
Number of layers:     13
Number of macros:     447
Number of vias:       25
Number of viarulegen: 25

[INFO DRT-0150] Reading design.

Design:                   ALU
Die area:                 ( 0 0 ) ( 172450 183170 )
Number of track patterns: 12
Number of DEF vias:       0
Number of components:     4926
Number of terminals:      103
Number of snets:          2
Number of nets:           2372

[INFO DRT-0167] List of default vias:
  Layer mcon
    default via: L1M1_PR
  Layer via
    default via: M1M2_PR
  Layer via2
    default via: M2M3_PR
  Layer via3
    default via: M3M4_PR
  Layer via4
    default via: M4M5_PR
[INFO DRT-0162] Library cell analysis.
[INFO DRT-0163] Instance analysis.
[INFO DRT-0164] Number of unique instances = 44.
[INFO DRT-0168] Init region query.
[INFO DRT-0024]   Complete FR_MASTERSLICE.
[INFO DRT-0024]   Complete licon.
[INFO DRT-0024]   Complete li1.
[INFO DRT-0024]   Complete mcon.
[INFO DRT-0024]   Complete met1.
[INFO DRT-0024]   Complete via.
[INFO DRT-0024]   Complete met2.
[INFO DRT-0024]   Complete via2.
[INFO DRT-0024]   Complete met3.
[INFO DRT-0024]   Complete via3.
[INFO DRT-0024]   Complete met4.
[INFO DRT-0024]   Complete via4.
[INFO DRT-0024]   Complete met5.
[INFO DRT-0033] FR_MASTERSLICE shape region query size = 0.
[INFO DRT-0033] licon shape region query size = 0.
[INFO DRT-0033] li1 shape region query size = 33867.
[INFO DRT-0033] mcon shape region query size = 10248.
[INFO DRT-0033] met1 shape region query size = 10152.
[INFO DRT-0033] via shape region query size = 1200.
[INFO DRT-0033] met2 shape region query size = 771.
[INFO DRT-0033] via2 shape region query size = 960.
[INFO DRT-0033] met3 shape region query size = 770.
[INFO DRT-0033] via3 shape region query size = 960.
[INFO DRT-0033] met4 shape region query size = 288.
[INFO DRT-0033] via4 shape region query size = 32.
[INFO DRT-0033] met5 shape region query size = 48.
[INFO DRT-0165] Start pin access.
[INFO DRT-0078]   Complete 60 pins.
[INFO DRT-0081]   Complete 26 unique inst patterns.
[INFO DRT-0082]   Complete 1000 groups.
[INFO DRT-0084]   Complete 1190 groups.
#scanned instances     = 4926
#unique  instances     = 44
#stdCellGenAp          = 520
#stdCellValidPlanarAp  = 0
#stdCellValidViaAp     = 431
#stdCellPinNoAp        = 0
#stdCellPinCnt         = 6690
#instTermValidViaApCnt = 0
#macroGenAp            = 0
#macroValidPlanarAp    = 0
#macroValidViaAp       = 0
#macroNoAp             = 0
[INFO DRT-0166] Complete pin access.
[INFO DRT-0267] cpu time = 00:00:15, elapsed time = 00:00:07, memory = 131.35 (MB), peak = 131.10 (MB)

Number of guides:     13899

[INFO DRT-0169] Post process guides.
[INFO DRT-0176] GCELLGRID X 0 DO 24 STEP 6900 ;
[INFO DRT-0177] GCELLGRID Y 0 DO 26 STEP 6900 ;
[INFO DRT-0026]   Complete 10000 origin guides.
[INFO DRT-0028]   Complete FR_MASTERSLICE.
[INFO DRT-0028]   Complete licon.
[INFO DRT-0028]   Complete li1.
[INFO DRT-0028]   Complete mcon.
[INFO DRT-0028]   Complete met1.
[INFO DRT-0028]   Complete via.
[INFO DRT-0028]   Complete met2.
[INFO DRT-0028]   Complete via2.
[INFO DRT-0028]   Complete met3.
[INFO DRT-0028]   Complete via3.
[INFO DRT-0028]   Complete met4.
[INFO DRT-0028]   Complete via4.
[INFO DRT-0028]   Complete met5.
[INFO DRT-0178] Init guide query.
[INFO DRT-0035]   Complete FR_MASTERSLICE (guide).
[INFO DRT-0035]   Complete licon (guide).
[INFO DRT-0035]   Complete li1 (guide).
[INFO DRT-0035]   Complete mcon (guide).
[INFO DRT-0035]   Complete met1 (guide).
[INFO DRT-0035]   Complete via (guide).
[INFO DRT-0035]   Complete met2 (guide).
[INFO DRT-0035]   Complete via2 (guide).
[INFO DRT-0035]   Complete met3 (guide).
[INFO DRT-0035]   Complete via3 (guide).
[INFO DRT-0035]   Complete met4 (guide).
[INFO DRT-0035]   Complete via4 (guide).
[INFO DRT-0035]   Complete met5 (guide).
[INFO DRT-0036] FR_MASTERSLICE guide region query size = 0.
[INFO DRT-0036] licon guide region query size = 0.
[INFO DRT-0036] li1 guide region query size = 5098.
[INFO DRT-0036] mcon guide region query size = 0.
[INFO DRT-0036] met1 guide region query size = 3493.
[INFO DRT-0036] via guide region query size = 0.
[INFO DRT-0036] met2 guide region query size = 1756.
[INFO DRT-0036] via2 guide region query size = 0.
[INFO DRT-0036] met3 guide region query size = 238.
[INFO DRT-0036] via3 guide region query size = 0.
[INFO DRT-0036] met4 guide region query size = 69.
[INFO DRT-0036] via4 guide region query size = 0.
[INFO DRT-0036] met5 guide region query size = 2.
[INFO DRT-0179] Init gr pin query.
[INFO DRT-0245] skipped writing guide updates to database.
[INFO DRT-0185] Post process initialize RPin region query.
[INFO DRT-0181] Start track assignment.
[INFO DRT-0184] Done with 6923 vertical wires in 1 frboxes and 3733 horizontal wires in 1 frboxes.
[INFO DRT-0186] Done with 782 vertical wires in 1 frboxes and 1424 horizontal wires in 1 frboxes.
[INFO DRT-0182] Complete track assignment.
[INFO DRT-0267] cpu time = 00:00:00, elapsed time = 00:00:00, memory = 147.66 (MB), peak = 160.41 (MB)
[INFO DRT-0187] Start routing data preparation.
[INFO DRT-0267] cpu time = 00:00:00, elapsed time = 00:00:00, memory = 147.66 (MB), peak = 160.41 (MB)
[INFO DRT-0194] Start detail routing.
[INFO DRT-0195] Start 0th optimization iteration.
    Completing 10% with 0 violations.
    elapsed time = 00:00:02, memory = 204.86 (MB).
    Completing 20% with 0 violations.
    elapsed time = 00:00:05, memory = 225.36 (MB).
    Completing 30% with 397 violations.
    elapsed time = 00:00:05, memory = 206.29 (MB).
    Completing 40% with 397 violations.
    elapsed time = 00:00:09, memory = 250.01 (MB).
    Completing 50% with 397 violations.
    elapsed time = 00:00:10, memory = 235.12 (MB).
    Completing 60% with 735 violations.
    elapsed time = 00:00:14, memory = 241.27 (MB).
    Completing 70% with 735 violations.
    elapsed time = 00:00:19, memory = 242.55 (MB).
    Completing 80% with 1264 violations.
    elapsed time = 00:00:21, memory = 231.90 (MB).
    Completing 90% with 1264 violations.
    elapsed time = 00:00:23, memory = 246.71 (MB).
    Completing 100% with 1655 violations.
    elapsed time = 00:00:28, memory = 194.89 (MB).
[INFO DRT-0199]   Number of violations = 1992.
Viol/Layer         li1   mcon   met1   met2   met3   met4
Cut Spacing          0      1      0      0      0      0
Metal Spacing        6      0    294     52      3      1
Recheck              0      0    158    153     25      1
Short                0      0   1133    165      0      0
[INFO DRT-0267] cpu time = 00:00:44, elapsed time = 00:00:28, memory = 515.09 (MB), peak = 514.88 (MB)
Total wire length = 55739 um.
Total wire length on LAYER li1 = 0 um.
Total wire length on LAYER met1 = 25264 um.
Total wire length on LAYER met2 = 22975 um.
Total wire length on LAYER met3 = 4404 um.
Total wire length on LAYER met4 = 3027 um.
Total wire length on LAYER met5 = 67 um.
Total number of vias = 13351.
Up-via summary (total 13351):.

------------------------
 FR_MASTERSLICE        0
            li1     6697
           met1     6100
           met2      428
           met3      123
           met4        3
------------------------
                   13351


[INFO DRT-0195] Start 1st optimization iteration.
    Completing 10% with 1992 violations.
    elapsed time = 00:00:01, memory = 536.94 (MB).
    Completing 20% with 1992 violations.
    elapsed time = 00:00:06, memory = 536.94 (MB).
    Completing 30% with 1881 violations.
    elapsed time = 00:00:07, memory = 536.94 (MB).
    Completing 40% with 1881 violations.
    elapsed time = 00:00:11, memory = 568.17 (MB).
    Completing 50% with 1881 violations.
    elapsed time = 00:00:12, memory = 568.17 (MB).
    Completing 60% with 1901 violations.
    elapsed time = 00:00:13, memory = 551.08 (MB).
    Completing 70% with 1901 violations.
    elapsed time = 00:00:20, memory = 545.21 (MB).
    Completing 80% with 1751 violations.
    elapsed time = 00:00:22, memory = 540.94 (MB).
    Completing 90% with 1751 violations.
    elapsed time = 00:00:26, memory = 565.33 (MB).
    Completing 100% with 1489 violations.
    elapsed time = 00:00:26, memory = 509.64 (MB).
[INFO DRT-0199]   Number of violations = 1489.
Viol/Layer        met1   met2   met4
Metal Spacing      272     35      0
Short             1077    104      1
[INFO DRT-0267] cpu time = 00:00:42, elapsed time = 00:00:26, memory = 515.46 (MB), peak = 567.88 (MB)
Total wire length = 55199 um.
Total wire length on LAYER li1 = 0 um.
Total wire length on LAYER met1 = 24969 um.
Total wire length on LAYER met2 = 22668 um.
Total wire length on LAYER met3 = 4515 um.
Total wire length on LAYER met4 = 3008 um.
Total wire length on LAYER met5 = 37 um.
Total number of vias = 13193.
Up-via summary (total 13193):.

------------------------
 FR_MASTERSLICE        0
            li1     6693
           met1     5951
           met2      424
           met3      123
           met4        2
------------------------
                   13193


[INFO DRT-0195] Start 2nd optimization iteration.
    Completing 10% with 1489 violations.
    elapsed time = 00:00:00, memory = 515.46 (MB).
    Completing 20% with 1489 violations.
    elapsed time = 00:00:00, memory = 546.53 (MB).
    Completing 30% with 1489 violations.
    elapsed time = 00:00:00, memory = 549.10 (MB).
    Completing 40% with 1526 violations.
    elapsed time = 00:00:08, memory = 511.29 (MB).
    Completing 50% with 1526 violations.
    elapsed time = 00:00:13, memory = 560.95 (MB).
    Completing 60% with 1526 violations.
    elapsed time = 00:00:13, memory = 560.95 (MB).
    Completing 70% with 1499 violations.
    elapsed time = 00:00:13, memory = 516.94 (MB).
    Completing 80% with 1499 violations.
    elapsed time = 00:00:19, memory = 547.71 (MB).
    Completing 90% with 1426 violations.
    elapsed time = 00:00:22, memory = 551.76 (MB).
    Completing 100% with 1340 violations.
    elapsed time = 00:00:26, memory = 510.25 (MB).
[INFO DRT-0199]   Number of violations = 1552.
Viol/Layer        met1   met2   met3
Metal Spacing      246     31      1
Recheck              0      0    212
Short              964     98      0
[INFO DRT-0267] cpu time = 00:00:42, elapsed time = 00:00:26, memory = 518.00 (MB), peak = 569.70 (MB)
Total wire length = 55063 um.
Total wire length on LAYER li1 = 0 um.
Total wire length on LAYER met1 = 24957 um.
Total wire length on LAYER met2 = 22691 um.
Total wire length on LAYER met3 = 4419 um.
Total wire length on LAYER met4 = 2995 um.
Total wire length on LAYER met5 = 0 um.
Total number of vias = 13198.
Up-via summary (total 13198):.

------------------------
 FR_MASTERSLICE        0
            li1     6693
           met1     5964
           met2      416
           met3      125
           met4        0
------------------------
                   13198


[INFO DRT-0195] Start 3rd optimization iteration.
    Completing 10% with 1552 violations.
    elapsed time = 00:00:02, memory = 551.56 (MB).
    Completing 20% with 1552 violations.
    elapsed time = 00:00:07, memory = 574.65 (MB).
    Completing 30% with 1423 violations.
    elapsed time = 00:00:07, memory = 523.55 (MB).
    Completing 40% with 1423 violations.
    elapsed time = 00:00:15, memory = 584.91 (MB).
    Completing 50% with 1423 violations.
    elapsed time = 00:00:17, memory = 575.55 (MB).
    Completing 60% with 1208 violations.
    elapsed time = 00:00:22, memory = 575.62 (MB).
    Completing 70% with 1208 violations.
    elapsed time = 00:00:26, memory = 568.59 (MB).
    Completing 80% with 1017 violations.
    elapsed time = 00:00:28, memory = 537.58 (MB).
    Completing 90% with 1017 violations.
    elapsed time = 00:00:31, memory = 549.22 (MB).
    Completing 100% with 534 violations.
    elapsed time = 00:00:37, memory = 512.16 (MB).
[INFO DRT-0199]   Number of violations = 534.
Viol/Layer        met1   met2   met3
Metal Spacing      160      4      1
Short              362      7      0
[INFO DRT-0267] cpu time = 00:01:00, elapsed time = 00:00:37, memory = 515.71 (MB), peak = 584.70 (MB)
Total wire length = 55075 um.
Total wire length on LAYER li1 = 0 um.
Total wire length on LAYER met1 = 23314 um.
Total wire length on LAYER met2 = 22509 um.
Total wire length on LAYER met3 = 5981 um.
Total wire length on LAYER met4 = 3271 um.
Total wire length on LAYER met5 = 0 um.
Total number of vias = 13737.
Up-via summary (total 13737):.

------------------------
 FR_MASTERSLICE        0
            li1     6693
           met1     6194
           met2      699
           met3      151
           met4        0
------------------------
                   13737


[INFO DRT-0195] Start 4th optimization iteration.
    Completing 10% with 534 violations.
    elapsed time = 00:00:00, memory = 543.12 (MB).
    Completing 20% with 534 violations.
    elapsed time = 00:00:02, memory = 573.49 (MB).
    Completing 30% with 427 violations.
    elapsed time = 00:00:02, memory = 512.16 (MB).
    Completing 40% with 427 violations.
    elapsed time = 00:00:03, memory = 559.15 (MB).
    Completing 50% with 427 violations.
    elapsed time = 00:00:06, memory = 567.39 (MB).
    Completing 60% with 362 violations.
    elapsed time = 00:00:08, memory = 561.68 (MB).
    Completing 70% with 362 violations.
    elapsed time = 00:00:10, memory = 567.57 (MB).
    Completing 80% with 260 violations.
    elapsed time = 00:00:10, memory = 537.13 (MB).
    Completing 90% with 260 violations.
    elapsed time = 00:00:15, memory = 564.79 (MB).
    Completing 100% with 173 violations.
    elapsed time = 00:00:15, memory = 521.10 (MB).
[INFO DRT-0199]   Number of violations = 173.
Viol/Layer        met1    via   met2
Metal Spacing       55      0      0
Short              113      1      4
[INFO DRT-0267] cpu time = 00:00:26, elapsed time = 00:00:15, memory = 521.10 (MB), peak = 588.62 (MB)
Total wire length = 55076 um.
Total wire length on LAYER li1 = 0 um.
Total wire length on LAYER met1 = 22976 um.
Total wire length on LAYER met2 = 22464 um.
Total wire length on LAYER met3 = 6299 um.
Total wire length on LAYER met4 = 3335 um.
Total wire length on LAYER met5 = 0 um.
Total number of vias = 13851.
Up-via summary (total 13851):.

------------------------
 FR_MASTERSLICE        0
            li1     6693
           met1     6237
           met2      765
           met3      156
           met4        0
------------------------
                   13851


[INFO DRT-0195] Start 5th optimization iteration.
    Completing 10% with 173 violations.
    elapsed time = 00:00:00, memory = 521.10 (MB).
    Completing 20% with 173 violations.
    elapsed time = 00:00:01, memory = 521.10 (MB).
    Completing 30% with 170 violations.
    elapsed time = 00:00:01, memory = 521.10 (MB).
    Completing 40% with 170 violations.
    elapsed time = 00:00:01, memory = 521.10 (MB).
    Completing 50% with 170 violations.
    elapsed time = 00:00:03, memory = 521.10 (MB).
    Completing 60% with 145 violations.
    elapsed time = 00:00:03, memory = 556.40 (MB).
    Completing 70% with 145 violations.
    elapsed time = 00:00:06, memory = 570.26 (MB).
    Completing 80% with 118 violations.
    elapsed time = 00:00:06, memory = 513.71 (MB).
    Completing 90% with 118 violations.
    elapsed time = 00:00:07, memory = 548.10 (MB).
    Completing 100% with 63 violations.
    elapsed time = 00:00:07, memory = 548.12 (MB).
[INFO DRT-0199]   Number of violations = 63.
Viol/Layer        met1
Metal Spacing       24
Short               39
[INFO DRT-0267] cpu time = 00:00:10, elapsed time = 00:00:08, memory = 548.12 (MB), peak = 588.62 (MB)
Total wire length = 55099 um.
Total wire length on LAYER li1 = 0 um.
Total wire length on LAYER met1 = 22879 um.
Total wire length on LAYER met2 = 22478 um.
Total wire length on LAYER met3 = 6410 um.
Total wire length on LAYER met4 = 3330 um.
Total wire length on LAYER met5 = 0 um.
Total number of vias = 13876.
Up-via summary (total 13876):.

------------------------
 FR_MASTERSLICE        0
            li1     6693
           met1     6247
           met2      780
           met3      156
           met4        0
------------------------
                   13876


[INFO DRT-0195] Start 6th optimization iteration.
    Completing 10% with 63 violations.
    elapsed time = 00:00:00, memory = 548.12 (MB).
    Completing 20% with 63 violations.
    elapsed time = 00:00:00, memory = 548.12 (MB).
    Completing 30% with 63 violations.
    elapsed time = 00:00:03, memory = 513.59 (MB).
    Completing 40% with 63 violations.
    elapsed time = 00:00:03, memory = 513.59 (MB).
    Completing 50% with 63 violations.
    elapsed time = 00:00:04, memory = 547.39 (MB).
    Completing 60% with 56 violations.
    elapsed time = 00:00:04, memory = 547.39 (MB).
    Completing 70% with 56 violations.
    elapsed time = 00:00:04, memory = 547.39 (MB).
    Completing 80% with 56 violations.
    elapsed time = 00:00:04, memory = 547.39 (MB).
    Completing 90% with 48 violations.
    elapsed time = 00:00:04, memory = 547.39 (MB).
    Completing 100% with 26 violations.
    elapsed time = 00:00:05, memory = 513.84 (MB).
[INFO DRT-0199]   Number of violations = 26.
Viol/Layer        met1
Metal Spacing       10
Short               16
[INFO DRT-0267] cpu time = 00:00:06, elapsed time = 00:00:05, memory = 513.84 (MB), peak = 588.62 (MB)
Total wire length = 55101 um.
Total wire length on LAYER li1 = 0 um.
Total wire length on LAYER met1 = 22863 um.
Total wire length on LAYER met2 = 22483 um.
Total wire length on LAYER met3 = 6420 um.
Total wire length on LAYER met4 = 3334 um.
Total wire length on LAYER met5 = 0 um.
Total number of vias = 13883.
Up-via summary (total 13883):.

------------------------
 FR_MASTERSLICE        0
            li1     6693
           met1     6252
           met2      782
           met3      156
           met4        0
------------------------
                   13883


[INFO DRT-0195] Start 7th optimization iteration.
    Completing 10% with 26 violations.
    elapsed time = 00:00:00, memory = 513.84 (MB).
    Completing 20% with 26 violations.
    elapsed time = 00:00:00, memory = 513.84 (MB).
    Completing 30% with 2 violations.
    elapsed time = 00:00:04, memory = 513.76 (MB).
    Completing 40% with 2 violations.
    elapsed time = 00:00:04, memory = 513.76 (MB).
    Completing 50% with 2 violations.
    elapsed time = 00:00:04, memory = 513.76 (MB).
    Completing 60% with 1 violations.
    elapsed time = 00:00:04, memory = 513.76 (MB).
    Completing 70% with 1 violations.
    elapsed time = 00:00:04, memory = 513.76 (MB).
    Completing 80% with 1 violations.
    elapsed time = 00:00:04, memory = 554.05 (MB).
    Completing 90% with 0 violations.
    elapsed time = 00:00:04, memory = 513.68 (MB).
    Completing 100% with 0 violations.
    elapsed time = 00:00:04, memory = 513.68 (MB).
[INFO DRT-0199]   Number of violations = 0.
[INFO DRT-0267] cpu time = 00:00:05, elapsed time = 00:00:04, memory = 513.68 (MB), peak = 588.62 (MB)
Total wire length = 55104 um.
Total wire length on LAYER li1 = 0 um.
Total wire length on LAYER met1 = 22850 um.
Total wire length on LAYER met2 = 22477 um.
Total wire length on LAYER met3 = 6442 um.
Total wire length on LAYER met4 = 3334 um.
Total wire length on LAYER met5 = 0 um.
Total number of vias = 13886.
Up-via summary (total 13886):.

------------------------
 FR_MASTERSLICE        0
            li1     6693
           met1     6259
           met2      778
           met3      156
           met4        0
------------------------
                   13886


[INFO DRT-0198] Complete detail routing.
Total wire length = 55104 um.
Total wire length on LAYER li1 = 0 um.
Total wire length on LAYER met1 = 22850 um.
Total wire length on LAYER met2 = 22477 um.
Total wire length on LAYER met3 = 6442 um.
Total wire length on LAYER met4 = 3334 um.
Total wire length on LAYER met5 = 0 um.
Total number of vias = 13886.
Up-via summary (total 13886):.

------------------------
 FR_MASTERSLICE        0
            li1     6693
           met1     6259
           met2      778
           met3      156
           met4        0
------------------------
                   13886


[INFO DRT-0267] cpu time = 00:03:57, elapsed time = 00:02:33, memory = 513.68 (MB), peak = 588.62 (MB)

[INFO DRT-0180] Post processing.
Setting global connections for newly added cells…
Writing OpenROAD database to '/openlane/designs/RiscvALU/runs/RUN_2026.09.20_19.53.10/results/routing/ALU.odb'…
Writing netlist to '/openlane/designs/RiscvALU/runs/RUN_2026.09.20_19.53.10/results/routing/ALU.nl.v'…
Writing powered netlist to '/openlane/designs/RiscvALU/runs/RUN_2026.09.20_19.53.10/results/routing/ALU.pnl.v'…
Writing layout to '/openlane/designs/RiscvALU/runs/RUN_2026.09.20_19.53.10/results/routing/ALU.def'…
