OpenROAD 41a51eaf4ca2171c92ff38afb91eb37bbd3f36da 
This program is licensed under the BSD-3 license. See the LICENSE file for details.
Components of this program may be licensed under more restrictive licenses which must be honored.
[INFO ODB-0222] Reading LEF file: /openlane/designs/RiscvALU/runs/RUN_2026.09.20_19.53.10/tmp/merged.nom.lef
[INFO ODB-0223]     Created 14 technology layers
[INFO ODB-0224]     Created 25 technology vias
[INFO ODB-0225]     Created 447 library cells
[INFO ODB-0226] Finished LEF file:  /openlane/designs/RiscvALU/runs/RUN_2026.09.20_19.53.10/tmp/merged.nom.lef
[INFO ODB-0127] Reading DEF file: /openlane/designs/RiscvALU/runs/RUN_2026.09.20_19.53.10/tmp/signoff/36-ALU.p.def
[INFO ODB-0128] Design: ALU
[INFO ODB-0130]     Created 103 pins.
[INFO ODB-0131]     Created 4926 components and 25665 component-terminals.
[INFO ODB-0132]     Created 2 special nets and 18972 connections.
[INFO ODB-0133]     Created 2372 nets and 6693 connections.
[INFO ODB-0134] Finished DEF file: /openlane/designs/RiscvALU/runs/RUN_2026.09.20_19.53.10/tmp/signoff/36-ALU.p.def
define_corners Typical
read_liberty -corner Typical /home/onur/.ciel/ciel/sky130/versions/0fe599b2afb6708d281543108caf8310912f54af/sky130A/libs.ref/sky130_fd_sc_hd/lib/MySCL_M_tt.lib
Using 1e-12 for capacitance...
Using 1e+03 for resistance...
Using 1e-09 for time...
Using 1e+00 for voltage...
Using 1e-03 for current...
Using 1e-09 for power...
Using 1e-06 for distance...
Reading design constraints file at '/openlane/designs/RiscvALU/runs/RUN_2026.09.20_19.53.10/tmp/17-ALU.sdc'…
[WARNING] Did not save OpenROAD database!
Writing netlist to '/openlane/designs/RiscvALU/runs/RUN_2026.09.20_19.53.10/tmp/signoff/36-ALU.nl.v'…
Writing powered netlist to '/openlane/designs/RiscvALU/runs/RUN_2026.09.20_19.53.10/tmp/signoff/36-ALU.pnl.v'…
