OpenROAD 41a51eaf4ca2171c92ff38afb91eb37bbd3f36da 
This program is licensed under the BSD-3 license. See the LICENSE file for details.
Components of this program may be licensed under more restrictive licenses which must be honored.
[INFO]: Reading ODB at '/openlane/designs/RiscvALU/runs/RUN_2026.09.20_19.53.10/results/cts/ALU.odb'…
define_corners Slowest Typical Fastest
read_liberty -corner Slowest /home/onur/.ciel/ciel/sky130/versions/0fe599b2afb6708d281543108caf8310912f54af/sky130A/libs.ref/sky130_fd_sc_hd/lib/MySCL_M_ss.lib
read_liberty -corner Typical /home/onur/.ciel/ciel/sky130/versions/0fe599b2afb6708d281543108caf8310912f54af/sky130A/libs.ref/sky130_fd_sc_hd/lib/MySCL_M_tt.lib
read_liberty -corner Fastest /home/onur/.ciel/ciel/sky130/versions/0fe599b2afb6708d281543108caf8310912f54af/sky130A/libs.ref/sky130_fd_sc_hd/lib/MySCL_M_ff.lib
Using 1e-12 for capacitance...
Using 1e+03 for resistance...
Using 1e-09 for time...
Using 1e+00 for voltage...
Using 1e-03 for current...
Using 1e-09 for power...
Using 1e-06 for distance...
Reading design constraints file at '/openlane/designs/RiscvALU/runs/RUN_2026.09.20_19.53.10/results/cts/ALU.sdc'…
[WARNING STA-0357] virtual clock clk can not be propagated.
[INFO]: Setting RC values...
[INFO RSZ-0033] No hold violations found.
Placement Analysis
---------------------------------
total displacement          0.0 u
average displacement        0.0 u
max displacement            0.0 u
original HPWL           46954.1 u
legalized HPWL          47803.4 u
delta HPWL                    2 %

[INFO DPL-0020] Mirrored 961 instances
[INFO DPL-0021] HPWL before           47803.4 u
[INFO DPL-0022] HPWL after            46954.1 u
[INFO DPL-0023] HPWL delta               -1.8 %
Setting global connections for newly added cells…
Writing OpenROAD database to '/openlane/designs/RiscvALU/runs/RUN_2026.09.20_19.53.10/tmp/cts/14-ALU.resized.odb'…
Writing netlist to '/openlane/designs/RiscvALU/runs/RUN_2026.09.20_19.53.10/tmp/cts/14-ALU.resized.nl.v'…
Writing powered netlist to '/openlane/designs/RiscvALU/runs/RUN_2026.09.20_19.53.10/tmp/cts/14-ALU.resized.pnl.v'…
Writing layout to '/openlane/designs/RiscvALU/runs/RUN_2026.09.20_19.53.10/tmp/cts/14-ALU.resized.def'…
Writing timing constraints to '/openlane/designs/RiscvALU/runs/RUN_2026.09.20_19.53.10/tmp/cts/14-ALU.resized.sdc'…
area_report

===========================================================================
report_design_area
============================================================================
Design area 11695 u^2 45% utilization.
area_report_end
