OpenSTA 2.4.0 41a51eaf4c Copyright (c) 2021, Parallax Software, Inc.
License GPLv3: GNU GPL version 3 <http://gnu.org/licenses/gpl.html>

This is free software, and you are free to change and redistribute it
under certain conditions; type `show_copying' for details. 
This program comes with ABSOLUTELY NO WARRANTY; for details type `show_warranty'.
define_corners Typical
read_liberty -corner Typical /home/onur/.ciel/ciel/sky130/versions/0fe599b2afb6708d281543108caf8310912f54af/sky130A/libs.ref/sky130_fd_sc_hd/lib/MySCL_M_tt.lib
Using 1e-12 for capacitance...
Using 1e+03 for resistance...
Using 1e-09 for time...
Using 1e+00 for voltage...
Using 1e-03 for current...
Using 1e-09 for power...
Using 1e-06 for distance...
Reading netlist '/openlane/designs/4bit/runs/RUN_2026.09.22_13.10.46/results/synthesis/counter4s.v'…
Reading design constraints file at '/openlane/scripts/base.sdc'…
[INFO]: Setting output delay to: 2.0
[INFO]: Setting input delay to: 2.0
[INFO]: Setting load to: 0.033442
[INFO]: Setting clock uncertainty to: 0.25
[INFO]: Setting clock transition to: 0.15
[INFO]: Setting timing derate to: 5.0 %
min_report

===========================================================================
report_checks -path_delay min (Hold)
============================================================================
======================= Typical Corner ===================================

Startpoint: f3 (rising edge-triggered flip-flop clocked by clk)
Endpoint: f3 (rising edge-triggered flip-flop clocked by clk)
Path Group: clk
Path Type: min

Fanout     Cap    Slew   Delay    Time   Description
-----------------------------------------------------------------------------
                  0.15    0.00    0.00   clock clk (rise edge)
                          0.00    0.00   clock network delay (ideal)
                  0.15    0.00    0.00 ^ f3/CLK (D_FF_pe)
                  0.14    0.38    0.38 v f3/Q (D_FF_pe)
     2    0.04                           count[3] (net)
                  0.14    0.00    0.38 v x3/A (Xnor)
                  0.06    0.10    0.48 ^ x3/Y (Xnor)
     1    0.00                           xo[3] (net)
                  0.06    0.00    0.48 ^ r3/A (Nor_gate)
                  0.02    0.03    0.51 v r3/Y (Nor_gate)
     1    0.00                           d[3] (net)
                  0.02    0.00    0.51 v f3/D (D_FF_pe)
                                  0.51   data arrival time

                  0.15    0.00    0.00   clock clk (rise edge)
                          0.00    0.00   clock network delay (ideal)
                          0.25    0.25   clock uncertainty
                          0.00    0.25   clock reconvergence pessimism
                                  0.25 ^ f3/CLK (D_FF_pe)
                          0.04    0.29   library hold time
                                  0.29   data required time
-----------------------------------------------------------------------------
                                  0.29   data required time
                                 -0.51   data arrival time
-----------------------------------------------------------------------------
                                  0.22   slack (MET)


Startpoint: f1 (rising edge-triggered flip-flop clocked by clk)
Endpoint: f1 (rising edge-triggered flip-flop clocked by clk)
Path Group: clk
Path Type: min

Fanout     Cap    Slew   Delay    Time   Description
-----------------------------------------------------------------------------
                  0.15    0.00    0.00   clock clk (rise edge)
                          0.00    0.00   clock network delay (ideal)
                  0.15    0.00    0.00 ^ f1/CLK (D_FF_pe)
                  0.15    0.39    0.39 v f1/Q (D_FF_pe)
     3    0.04                           count[1] (net)
                  0.15    0.00    0.39 v x1/A (Xnor)
                  0.06    0.10    0.48 ^ x1/Y (Xnor)
     1    0.00                           xo[1] (net)
                  0.06    0.00    0.48 ^ r1/A (Nor_gate)
                  0.02    0.03    0.51 v r1/Y (Nor_gate)
     1    0.00                           d[1] (net)
                  0.02    0.00    0.51 v f1/D (D_FF_pe)
                                  0.51   data arrival time

                  0.15    0.00    0.00   clock clk (rise edge)
                          0.00    0.00   clock network delay (ideal)
                          0.25    0.25   clock uncertainty
                          0.00    0.25   clock reconvergence pessimism
                                  0.25 ^ f1/CLK (D_FF_pe)
                          0.04    0.29   library hold time
                                  0.29   data required time
-----------------------------------------------------------------------------
                                  0.29   data required time
                                 -0.51   data arrival time
-----------------------------------------------------------------------------
                                  0.23   slack (MET)


Startpoint: f2 (rising edge-triggered flip-flop clocked by clk)
Endpoint: f2 (rising edge-triggered flip-flop clocked by clk)
Path Group: clk
Path Type: min

Fanout     Cap    Slew   Delay    Time   Description
-----------------------------------------------------------------------------
                  0.15    0.00    0.00   clock clk (rise edge)
                          0.00    0.00   clock network delay (ideal)
                  0.15    0.00    0.00 ^ f2/CLK (D_FF_pe)
                  0.15    0.39    0.39 v f2/Q (D_FF_pe)
     3    0.04                           count[2] (net)
                  0.15    0.00    0.39 v x2/A (Xnor)
                  0.06    0.10    0.48 ^ x2/Y (Xnor)
     1    0.00                           xo[2] (net)
                  0.06    0.00    0.48 ^ r2/A (Nor_gate)
                  0.02    0.03    0.51 v r2/Y (Nor_gate)
     1    0.00                           d[2] (net)
                  0.02    0.00    0.51 v f2/D (D_FF_pe)
                                  0.51   data arrival time

                  0.15    0.00    0.00   clock clk (rise edge)
                          0.00    0.00   clock network delay (ideal)
                          0.25    0.25   clock uncertainty
                          0.00    0.25   clock reconvergence pessimism
                                  0.25 ^ f2/CLK (D_FF_pe)
                          0.04    0.29   library hold time
                                  0.29   data required time
-----------------------------------------------------------------------------
                                  0.29   data required time
                                 -0.51   data arrival time
-----------------------------------------------------------------------------
                                  0.23   slack (MET)


Startpoint: f0 (rising edge-triggered flip-flop clocked by clk)
Endpoint: f0 (rising edge-triggered flip-flop clocked by clk)
Path Group: clk
Path Type: min

Fanout     Cap    Slew   Delay    Time   Description
-----------------------------------------------------------------------------
                  0.15    0.00    0.00   clock clk (rise edge)
                          0.00    0.00   clock network delay (ideal)
                  0.15    0.00    0.00 ^ f0/CLK (D_FF_pe)
                  0.15    0.39    0.39 v f0/Q (D_FF_pe)
     3    0.04                           count[0] (net)
                  0.15    0.00    0.39 v x0/A (Xnor)
                  0.06    0.10    0.48 ^ x0/Y (Xnor)
     1    0.00                           xo[0] (net)
                  0.06    0.00    0.48 ^ r0/A (Nor_gate)
                  0.02    0.03    0.51 v r0/Y (Nor_gate)
     1    0.00                           d[0] (net)
                  0.02    0.00    0.51 v f0/D (D_FF_pe)
                                  0.51   data arrival time

                  0.15    0.00    0.00   clock clk (rise edge)
                          0.00    0.00   clock network delay (ideal)
                          0.25    0.25   clock uncertainty
                          0.00    0.25   clock reconvergence pessimism
                                  0.25 ^ f0/CLK (D_FF_pe)
                          0.04    0.29   library hold time
                                  0.29   data required time
-----------------------------------------------------------------------------
                                  0.29   data required time
                                 -0.51   data arrival time
-----------------------------------------------------------------------------
                                  0.23   slack (MET)


Startpoint: f3 (rising edge-triggered flip-flop clocked by clk)
Endpoint: count[3] (output port clocked by clk)
Path Group: clk
Path Type: min

Fanout     Cap    Slew   Delay    Time   Description
-----------------------------------------------------------------------------
                  0.15    0.00    0.00   clock clk (rise edge)
                          0.00    0.00   clock network delay (ideal)
                  0.15    0.00    0.00 ^ f3/CLK (D_FF_pe)
                  0.14    0.38    0.38 v f3/Q (D_FF_pe)
     2    0.04                           count[3] (net)
                  0.14    0.00    0.38 v count[3] (out)
                                  0.38   data arrival time

                  0.15    0.00    0.00   clock clk (rise edge)
                          0.00    0.00   clock network delay (ideal)
                          0.25    0.25   clock uncertainty
                          0.00    0.25   clock reconvergence pessimism
                         -2.00   -1.75   output external delay
                                 -1.75   data required time
-----------------------------------------------------------------------------
                                 -1.75   data required time
                                 -0.38   data arrival time
-----------------------------------------------------------------------------
                                  2.13   slack (MET)


Startpoint: f0 (rising edge-triggered flip-flop clocked by clk)
Endpoint: count[0] (output port clocked by clk)
Path Group: clk
Path Type: min

Fanout     Cap    Slew   Delay    Time   Description
-----------------------------------------------------------------------------
                  0.15    0.00    0.00   clock clk (rise edge)
                          0.00    0.00   clock network delay (ideal)
                  0.15    0.00    0.00 ^ f0/CLK (D_FF_pe)
                  0.15    0.39    0.39 v f0/Q (D_FF_pe)
     3    0.04                           count[0] (net)
                  0.15    0.00    0.39 v count[0] (out)
                                  0.39   data arrival time

                  0.15    0.00    0.00   clock clk (rise edge)
                          0.00    0.00   clock network delay (ideal)
                          0.25    0.25   clock uncertainty
                          0.00    0.25   clock reconvergence pessimism
                         -2.00   -1.75   output external delay
                                 -1.75   data required time
-----------------------------------------------------------------------------
                                 -1.75   data required time
                                 -0.39   data arrival time
-----------------------------------------------------------------------------
                                  2.14   slack (MET)


Startpoint: f1 (rising edge-triggered flip-flop clocked by clk)
Endpoint: count[1] (output port clocked by clk)
Path Group: clk
Path Type: min

Fanout     Cap    Slew   Delay    Time   Description
-----------------------------------------------------------------------------
                  0.15    0.00    0.00   clock clk (rise edge)
                          0.00    0.00   clock network delay (ideal)
                  0.15    0.00    0.00 ^ f1/CLK (D_FF_pe)
                  0.15    0.39    0.39 v f1/Q (D_FF_pe)
     3    0.04                           count[1] (net)
                  0.15    0.00    0.39 v count[1] (out)
                                  0.39   data arrival time

                  0.15    0.00    0.00   clock clk (rise edge)
                          0.00    0.00   clock network delay (ideal)
                          0.25    0.25   clock uncertainty
                          0.00    0.25   clock reconvergence pessimism
                         -2.00   -1.75   output external delay
                                 -1.75   data required time
-----------------------------------------------------------------------------
                                 -1.75   data required time
                                 -0.39   data arrival time
-----------------------------------------------------------------------------
                                  2.14   slack (MET)


Startpoint: f2 (rising edge-triggered flip-flop clocked by clk)
Endpoint: count[2] (output port clocked by clk)
Path Group: clk
Path Type: min

Fanout     Cap    Slew   Delay    Time   Description
-----------------------------------------------------------------------------
                  0.15    0.00    0.00   clock clk (rise edge)
                          0.00    0.00   clock network delay (ideal)
                  0.15    0.00    0.00 ^ f2/CLK (D_FF_pe)
                  0.15    0.39    0.39 v f2/Q (D_FF_pe)
     3    0.04                           count[2] (net)
                  0.15    0.00    0.39 v count[2] (out)
                                  0.39   data arrival time

                  0.15    0.00    0.00   clock clk (rise edge)
                          0.00    0.00   clock network delay (ideal)
                          0.25    0.25   clock uncertainty
                          0.00    0.25   clock reconvergence pessimism
                         -2.00   -1.75   output external delay
                                 -1.75   data required time
-----------------------------------------------------------------------------
                                 -1.75   data required time
                                 -0.39   data arrival time
-----------------------------------------------------------------------------
                                  2.14   slack (MET)



min_report_end
max_report

===========================================================================
report_checks -path_delay max (Setup)
============================================================================
======================= Typical Corner ===================================

Startpoint: en (input port clocked by clk)
Endpoint: f3 (rising edge-triggered flip-flop clocked by clk)
Path Group: clk
Path Type: max

Fanout     Cap    Slew   Delay    Time   Description
-----------------------------------------------------------------------------
                  0.15    0.00    0.00   clock clk (rise edge)
                          0.00    0.00   clock network delay (ideal)
                          2.00    2.00 ^ input external delay
                  0.04    0.03    2.03 ^ en (in)
     2    0.01                           en (net)
                  0.04    0.00    2.03 ^ n1/A (Nand_gate)
                  0.05    0.04    2.07 v n1/Y (Nand_gate)
     1    0.00                           nc[1] (net)
                  0.05    0.00    2.07 v i1/A (inverter)
                  0.07    0.06    2.13 ^ i1/Y (inverter)
     2    0.01                           c[1] (net)
                  0.07    0.00    2.13 ^ n2/A (Nand_gate)
                  0.05    0.05    2.18 v n2/Y (Nand_gate)
     1    0.00                           nc[2] (net)
                  0.05    0.00    2.18 v i2/A (inverter)
                  0.07    0.06    2.24 ^ i2/Y (inverter)
     2    0.01                           c[2] (net)
                  0.07    0.00    2.24 ^ n3/A (Nand_gate)
                  0.05    0.05    2.28 v n3/Y (Nand_gate)
     1    0.00                           nc[3] (net)
                  0.05    0.00    2.28 v i3/A (inverter)
                  0.05    0.05    2.33 ^ i3/Y (inverter)
     1    0.00                           c[3] (net)
                  0.05    0.00    2.33 ^ x3/B (Xnor)
                  0.12    0.14    2.48 ^ x3/Y (Xnor)
     1    0.00                           xo[3] (net)
                  0.12    0.00    2.48 ^ r3/A (Nor_gate)
                  0.03    0.05    2.52 v r3/Y (Nor_gate)
     1    0.00                           d[3] (net)
                  0.03    0.00    2.52 v f3/D (D_FF_pe)
                                  2.52   data arrival time

                  0.15   10.00   10.00   clock clk (rise edge)
                          0.00   10.00   clock network delay (ideal)
                         -0.25    9.75   clock uncertainty
                          0.00    9.75   clock reconvergence pessimism
                                  9.75 ^ f3/CLK (D_FF_pe)
                         -0.21    9.54   library setup time
                                  9.54   data required time
-----------------------------------------------------------------------------
                                  9.54   data required time
                                 -2.52   data arrival time
-----------------------------------------------------------------------------
                                  7.02   slack (MET)


Startpoint: en (input port clocked by clk)
Endpoint: f2 (rising edge-triggered flip-flop clocked by clk)
Path Group: clk
Path Type: max

Fanout     Cap    Slew   Delay    Time   Description
-----------------------------------------------------------------------------
                  0.15    0.00    0.00   clock clk (rise edge)
                          0.00    0.00   clock network delay (ideal)
                          2.00    2.00 ^ input external delay
                  0.04    0.03    2.03 ^ en (in)
     2    0.01                           en (net)
                  0.04    0.00    2.03 ^ n1/A (Nand_gate)
                  0.05    0.04    2.07 v n1/Y (Nand_gate)
     1    0.00                           nc[1] (net)
                  0.05    0.00    2.07 v i1/A (inverter)
                  0.07    0.06    2.13 ^ i1/Y (inverter)
     2    0.01                           c[1] (net)
                  0.07    0.00    2.13 ^ n2/A (Nand_gate)
                  0.05    0.05    2.18 v n2/Y (Nand_gate)
     1    0.00                           nc[2] (net)
                  0.05    0.00    2.18 v i2/A (inverter)
                  0.07    0.06    2.24 ^ i2/Y (inverter)
     2    0.01                           c[2] (net)
                  0.07    0.00    2.24 ^ x2/B (Xnor)
                  0.12    0.15    2.39 ^ x2/Y (Xnor)
     1    0.00                           xo[2] (net)
                  0.12    0.00    2.39 ^ r2/A (Nor_gate)
                  0.03    0.05    2.43 v r2/Y (Nor_gate)
     1    0.00                           d[2] (net)
                  0.03    0.00    2.43 v f2/D (D_FF_pe)
                                  2.43   data arrival time

                  0.15   10.00   10.00   clock clk (rise edge)
                          0.00   10.00   clock network delay (ideal)
                         -0.25    9.75   clock uncertainty
                          0.00    9.75   clock reconvergence pessimism
                                  9.75 ^ f2/CLK (D_FF_pe)
                         -0.21    9.54   library setup time
                                  9.54   data required time
-----------------------------------------------------------------------------
                                  9.54   data required time
                                 -2.43   data arrival time
-----------------------------------------------------------------------------
                                  7.11   slack (MET)


Startpoint: f0 (rising edge-triggered flip-flop clocked by clk)
Endpoint: count[0] (output port clocked by clk)
Path Group: clk
Path Type: max

Fanout     Cap    Slew   Delay    Time   Description
-----------------------------------------------------------------------------
                  0.15    0.00    0.00   clock clk (rise edge)
                          0.00    0.00   clock network delay (ideal)
                  0.15    0.00    0.00 ^ f0/CLK (D_FF_pe)
                  0.29    0.58    0.58 ^ f0/Q (D_FF_pe)
     3    0.04                           count[0] (net)
                  0.29    0.00    0.58 ^ count[0] (out)
                                  0.58   data arrival time

                  0.15   10.00   10.00   clock clk (rise edge)
                          0.00   10.00   clock network delay (ideal)
                         -0.25    9.75   clock uncertainty
                          0.00    9.75   clock reconvergence pessimism
                         -2.00    7.75   output external delay
                                  7.75   data required time
-----------------------------------------------------------------------------
                                  7.75   data required time
                                 -0.58   data arrival time
-----------------------------------------------------------------------------
                                  7.17   slack (MET)


Startpoint: f1 (rising edge-triggered flip-flop clocked by clk)
Endpoint: count[1] (output port clocked by clk)
Path Group: clk
Path Type: max

Fanout     Cap    Slew   Delay    Time   Description
-----------------------------------------------------------------------------
                  0.15    0.00    0.00   clock clk (rise edge)
                          0.00    0.00   clock network delay (ideal)
                  0.15    0.00    0.00 ^ f1/CLK (D_FF_pe)
                  0.29    0.58    0.58 ^ f1/Q (D_FF_pe)
     3    0.04                           count[1] (net)
                  0.29    0.00    0.58 ^ count[1] (out)
                                  0.58   data arrival time

                  0.15   10.00   10.00   clock clk (rise edge)
                          0.00   10.00   clock network delay (ideal)
                         -0.25    9.75   clock uncertainty
                          0.00    9.75   clock reconvergence pessimism
                         -2.00    7.75   output external delay
                                  7.75   data required time
-----------------------------------------------------------------------------
                                  7.75   data required time
                                 -0.58   data arrival time
-----------------------------------------------------------------------------
                                  7.17   slack (MET)


Startpoint: f2 (rising edge-triggered flip-flop clocked by clk)
Endpoint: count[2] (output port clocked by clk)
Path Group: clk
Path Type: max

Fanout     Cap    Slew   Delay    Time   Description
-----------------------------------------------------------------------------
                  0.15    0.00    0.00   clock clk (rise edge)
                          0.00    0.00   clock network delay (ideal)
                  0.15    0.00    0.00 ^ f2/CLK (D_FF_pe)
                  0.29    0.58    0.58 ^ f2/Q (D_FF_pe)
     3    0.04                           count[2] (net)
                  0.29    0.00    0.58 ^ count[2] (out)
                                  0.58   data arrival time

                  0.15   10.00   10.00   clock clk (rise edge)
                          0.00   10.00   clock network delay (ideal)
                         -0.25    9.75   clock uncertainty
                          0.00    9.75   clock reconvergence pessimism
                         -2.00    7.75   output external delay
                                  7.75   data required time
-----------------------------------------------------------------------------
                                  7.75   data required time
                                 -0.58   data arrival time
-----------------------------------------------------------------------------
                                  7.17   slack (MET)


Startpoint: f3 (rising edge-triggered flip-flop clocked by clk)
Endpoint: count[3] (output port clocked by clk)
Path Group: clk
Path Type: max

Fanout     Cap    Slew   Delay    Time   Description
-----------------------------------------------------------------------------
                  0.15    0.00    0.00   clock clk (rise edge)
                          0.00    0.00   clock network delay (ideal)
                  0.15    0.00    0.00 ^ f3/CLK (D_FF_pe)
                  0.27    0.57    0.57 ^ f3/Q (D_FF_pe)
     2    0.04                           count[3] (net)
                  0.27    0.00    0.57 ^ count[3] (out)
                                  0.57   data arrival time

                  0.15   10.00   10.00   clock clk (rise edge)
                          0.00   10.00   clock network delay (ideal)
                         -0.25    9.75   clock uncertainty
                          0.00    9.75   clock reconvergence pessimism
                         -2.00    7.75   output external delay
                                  7.75   data required time
-----------------------------------------------------------------------------
                                  7.75   data required time
                                 -0.57   data arrival time
-----------------------------------------------------------------------------
                                  7.18   slack (MET)


Startpoint: en (input port clocked by clk)
Endpoint: f1 (rising edge-triggered flip-flop clocked by clk)
Path Group: clk
Path Type: max

Fanout     Cap    Slew   Delay    Time   Description
-----------------------------------------------------------------------------
                  0.15    0.00    0.00   clock clk (rise edge)
                          0.00    0.00   clock network delay (ideal)
                          2.00    2.00 ^ input external delay
                  0.04    0.03    2.03 ^ en (in)
     2    0.01                           en (net)
                  0.04    0.00    2.03 ^ n1/A (Nand_gate)
                  0.05    0.04    2.07 v n1/Y (Nand_gate)
     1    0.00                           nc[1] (net)
                  0.05    0.00    2.07 v i1/A (inverter)
                  0.07    0.06    2.13 ^ i1/Y (inverter)
     2    0.01                           c[1] (net)
                  0.07    0.00    2.13 ^ x1/B (Xnor)
                  0.12    0.15    2.28 ^ x1/Y (Xnor)
     1    0.00                           xo[1] (net)
                  0.12    0.00    2.28 ^ r1/A (Nor_gate)
                  0.03    0.05    2.32 v r1/Y (Nor_gate)
     1    0.00                           d[1] (net)
                  0.03    0.00    2.32 v f1/D (D_FF_pe)
                                  2.32   data arrival time

                  0.15   10.00   10.00   clock clk (rise edge)
                          0.00   10.00   clock network delay (ideal)
                         -0.25    9.75   clock uncertainty
                          0.00    9.75   clock reconvergence pessimism
                                  9.75 ^ f1/CLK (D_FF_pe)
                         -0.21    9.54   library setup time
                                  9.54   data required time
-----------------------------------------------------------------------------
                                  9.54   data required time
                                 -2.32   data arrival time
-----------------------------------------------------------------------------
                                  7.22   slack (MET)


Startpoint: en (input port clocked by clk)
Endpoint: f0 (rising edge-triggered flip-flop clocked by clk)
Path Group: clk
Path Type: max

Fanout     Cap    Slew   Delay    Time   Description
-----------------------------------------------------------------------------
                  0.15    0.00    0.00   clock clk (rise edge)
                          0.00    0.00   clock network delay (ideal)
                          2.00    2.00 ^ input external delay
                  0.04    0.03    2.03 ^ en (in)
     2    0.01                           en (net)
                  0.04    0.00    2.03 ^ x0/B (Xnor)
                  0.12    0.14    2.17 ^ x0/Y (Xnor)
     1    0.00                           xo[0] (net)
                  0.12    0.00    2.17 ^ r0/A (Nor_gate)
                  0.03    0.05    2.21 v r0/Y (Nor_gate)
     1    0.00                           d[0] (net)
                  0.03    0.00    2.21 v f0/D (D_FF_pe)
                                  2.21   data arrival time

                  0.15   10.00   10.00   clock clk (rise edge)
                          0.00   10.00   clock network delay (ideal)
                         -0.25    9.75   clock uncertainty
                          0.00    9.75   clock reconvergence pessimism
                                  9.75 ^ f0/CLK (D_FF_pe)
                         -0.21    9.54   library setup time
                                  9.54   data required time
-----------------------------------------------------------------------------
                                  9.54   data required time
                                 -2.21   data arrival time
-----------------------------------------------------------------------------
                                  7.33   slack (MET)



max_report_end
checks_report

===========================================================================
report_checks -unconstrained
===========================================================================
======================= Typical Corner ===================================

Startpoint: en (input port clocked by clk)
Endpoint: f3 (rising edge-triggered flip-flop clocked by clk)
Path Group: clk
Path Type: max

Fanout     Cap    Slew   Delay    Time   Description
-----------------------------------------------------------------------------
                  0.15    0.00    0.00   clock clk (rise edge)
                          0.00    0.00   clock network delay (ideal)
                          2.00    2.00 ^ input external delay
                  0.04    0.03    2.03 ^ en (in)
     2    0.01                           en (net)
                  0.04    0.00    2.03 ^ n1/A (Nand_gate)
                  0.05    0.04    2.07 v n1/Y (Nand_gate)
     1    0.00                           nc[1] (net)
                  0.05    0.00    2.07 v i1/A (inverter)
                  0.07    0.06    2.13 ^ i1/Y (inverter)
     2    0.01                           c[1] (net)
                  0.07    0.00    2.13 ^ n2/A (Nand_gate)
                  0.05    0.05    2.18 v n2/Y (Nand_gate)
     1    0.00                           nc[2] (net)
                  0.05    0.00    2.18 v i2/A (inverter)
                  0.07    0.06    2.24 ^ i2/Y (inverter)
     2    0.01                           c[2] (net)
                  0.07    0.00    2.24 ^ n3/A (Nand_gate)
                  0.05    0.05    2.28 v n3/Y (Nand_gate)
     1    0.00                           nc[3] (net)
                  0.05    0.00    2.28 v i3/A (inverter)
                  0.05    0.05    2.33 ^ i3/Y (inverter)
     1    0.00                           c[3] (net)
                  0.05    0.00    2.33 ^ x3/B (Xnor)
                  0.12    0.14    2.48 ^ x3/Y (Xnor)
     1    0.00                           xo[3] (net)
                  0.12    0.00    2.48 ^ r3/A (Nor_gate)
                  0.03    0.05    2.52 v r3/Y (Nor_gate)
     1    0.00                           d[3] (net)
                  0.03    0.00    2.52 v f3/D (D_FF_pe)
                                  2.52   data arrival time

                  0.15   10.00   10.00   clock clk (rise edge)
                          0.00   10.00   clock network delay (ideal)
                         -0.25    9.75   clock uncertainty
                          0.00    9.75   clock reconvergence pessimism
                                  9.75 ^ f3/CLK (D_FF_pe)
                         -0.21    9.54   library setup time
                                  9.54   data required time
-----------------------------------------------------------------------------
                                  9.54   data required time
                                 -2.52   data arrival time
-----------------------------------------------------------------------------
                                  7.02   slack (MET)




===========================================================================
report_checks --slack_max -0.01
============================================================================
======================= Typical Corner ===================================

No paths found.


===========================================================================
 report_check_types -max_slew -max_cap -max_fanout -violators
============================================================================
======================= Typical Corner ===================================



===========================================================================
report_parasitic_annotation -report_unannotated
============================================================================
Found 25 unannotated drivers.
 clk
 en
 rst
 f0/Q
 f0/QN
 f1/Q
 f1/QN
 f2/Q
 f2/QN
 f3/Q
 f3/QN
 i1/Y
 i2/Y
 i3/Y
 n1/Y
 n2/Y
 n3/Y
 r0/Y
 r1/Y
 r2/Y
 r3/Y
 x0/Y
 x1/Y
 x2/Y
 x3/Y
Found 0 partially unannotated drivers.

===========================================================================
max slew violation count 0
max fanout violation count 0
max cap violation count 0
============================================================================

===========================================================================
check_setup -verbose -unconstrained_endpoints -multiple_clock -no_clock -no_input_delay -loops -generated_clocks
===========================================================================
checks_report_end
power_report

===========================================================================
 report_power
============================================================================
======================= Typical Corner ===================================

Group                  Internal  Switching    Leakage      Total
                          Power      Power      Power      Power (Watts)
----------------------------------------------------------------
Sequential             1.59e-05   2.65e-06   0.00e+00   1.86e-05  90.4%
Combinational          1.36e-06   6.16e-07   0.00e+00   1.98e-06   9.6%
Macro                  0.00e+00   0.00e+00   0.00e+00   0.00e+00   0.0%
Pad                    0.00e+00   0.00e+00   0.00e+00   0.00e+00   0.0%
----------------------------------------------------------------
Total                  1.73e-05   3.26e-06   0.00e+00   2.06e-05 100.0%
                          84.1%      15.9%       0.0%

power_report_end
skew_report

===========================================================================
report_clock_skew
============================================================================
Clock clk
Latency      CRPR       Skew
f0/CLK ^
   0.03
f0/CLK ^
   0.02      0.00       0.00

skew_report_end
summary_report

===========================================================================
report_tns
============================================================================
tns 0.00

===========================================================================
report_wns
============================================================================
wns 0.00

===========================================================================
report_worst_slack -max (Setup)
============================================================================
worst slack 7.02

===========================================================================
report_worst_slack -min (Hold)
============================================================================
worst slack 0.22
summary_report_end
[WARNING] Did not save OpenROAD database!
Writing SDF to '/openlane/designs/4bit/runs/RUN_2026.09.22_13.10.46/results/synthesis/counter4s.sdf'…
