OpenROAD 41a51eaf4ca2171c92ff38afb91eb37bbd3f36da 
This program is licensed under the BSD-3 license. See the LICENSE file for details.
Components of this program may be licensed under more restrictive licenses which must be honored.
[INFO ODB-0222] Reading LEF file: /openlane/designs/4bit/runs/RUN_2026.09.22_13.10.46/tmp/merged.nom.lef
[INFO ODB-0223]     Created 14 technology layers
[INFO ODB-0224]     Created 25 technology vias
[INFO ODB-0225]     Created 447 library cells
[INFO ODB-0226] Finished LEF file:  /openlane/designs/4bit/runs/RUN_2026.09.22_13.10.46/tmp/merged.nom.lef
[INFO ODB-0127] Reading DEF file: /openlane/designs/4bit/runs/RUN_2026.09.22_13.10.46/results/routing/counter4s.def
[INFO ODB-0128] Design: counter4s
[INFO ODB-0130]     Created 9 pins.
[INFO ODB-0131]     Created 1015 components and 3887 component-terminals.
[INFO ODB-0132]     Created 2 special nets and 3814 connections.
[INFO ODB-0133]     Created 30 nets and 69 connections.
[INFO ODB-0134] Finished DEF file: /openlane/designs/4bit/runs/RUN_2026.09.22_13.10.46/results/routing/counter4s.def
Top-level design name: counter4s
Found default power net 'VPWR'
Found default ground net 'VGND'
Found 1 power ports.
Found 1 ground ports.
Modified power connections of 1015/1015 cells.
