
 /----------------------------------------------------------------------------\
 |                                                                            |
 |  yosys -- Yosys Open SYnthesis Suite                                       |
 |                                                                            |
 |  Copyright (C) 2012 - 2020  Claire Xenia Wolf <claire@yosyshq.com>         |
 |                                                                            |
 |  Permission to use, copy, modify, and/or distribute this software for any  |
 |  purpose with or without fee is hereby granted, provided that the above    |
 |  copyright notice and this permission notice appear in all copies.         |
 |                                                                            |
 |  THE SOFTWARE IS PROVIDED "AS IS" AND THE AUTHOR DISCLAIMS ALL WARRANTIES  |
 |  WITH REGARD TO THIS SOFTWARE INCLUDING ALL IMPLIED WARRANTIES OF          |
 |  MERCHANTABILITY AND FITNESS. IN NO EVENT SHALL THE AUTHOR BE LIABLE FOR   |
 |  ANY SPECIAL, DIRECT, INDIRECT, OR CONSEQUENTIAL DAMAGES OR ANY DAMAGES    |
 |  WHATSOEVER RESULTING FROM LOSS OF USE, DATA OR PROFITS, WHETHER IN AN     |
 |  ACTION OF CONTRACT, NEGLIGENCE OR OTHER TORTIOUS ACTION, ARISING OUT OF   |
 |  OR IN CONNECTION WITH THE USE OR PERFORMANCE OF THIS SOFTWARE.            |
 |                                                                            |
 \----------------------------------------------------------------------------/

 Yosys 0.30+48 (git sha1 14d50a176d5, gcc 8.3.1 -fPIC -Os)

[TCL: yosys -import] Command name collision: found pre-existing command `cd' -> skip.
[TCL: yosys -import] Command name collision: found pre-existing command `eval' -> skip.
[TCL: yosys -import] Command name collision: found pre-existing command `exec' -> skip.
[TCL: yosys -import] Command name collision: found pre-existing command `read' -> skip.
[TCL: yosys -import] Command name collision: found pre-existing command `trace' -> skip.

1. Executing Verilog-2005 frontend: /openlane/designs/RiscvALU/src/ALU.v
Parsing SystemVerilog input from `/openlane/designs/RiscvALU/src/ALU.v' to AST representation.
Generating RTLIL representation for module `\ALU'.
Successfully finished Verilog frontend.

2. Generating Graphviz representation of design.
Writing dot description to `/openlane/designs/RiscvALU/runs/RUN_2026.09.20_19.53.10/tmp/synthesis/hierarchy.dot'.
Dumping module ALU to page 1.

3. Executing HIERARCHY pass (managing design hierarchy).

3.1. Analyzing design hierarchy..
Top module:  \ALU

3.2. Analyzing design hierarchy..
Top module:  \ALU
Removed 0 unused modules.

4. Executing TRIBUF pass.

5. Executing HIERARCHY pass (managing design hierarchy).

5.1. Analyzing design hierarchy..
Top module:  \ALU

5.2. Analyzing design hierarchy..
Top module:  \ALU
Removed 0 unused modules.

6. Executing PROC_CLEAN pass (remove empty switches from decision trees).
Cleaned up 0 empty switches.

7. Executing PROC_RMDEAD pass (remove dead branches from decision trees).
Marked 1 switch rules as full_case in process $proc$/openlane/designs/RiscvALU/src/ALU.v:13$2 in module ALU.
Removed a total of 0 dead cases.

8. Executing PROC_PRUNE pass (remove redundant assignments in processes).
Removed 0 redundant assignments.
Promoted 1 assignment to connection.

9. Executing PROC_INIT pass (extract init attributes).

10. Executing PROC_ARST pass (detect async resets in processes).

11. Executing PROC_ROM pass (convert switches to ROMs).
Converted 0 switches.
<suppressed ~1 debug messages>

12. Executing PROC_MUX pass (convert decision trees to multiplexers).
Creating decoders for process `\ALU.$proc$/openlane/designs/RiscvALU/src/ALU.v:13$2'.
     1/1: $1\result[31:0]

13. Executing PROC_DLATCH pass (convert process syncs to latches).
No latch inferred for signal `\ALU.\result' from process `\ALU.$proc$/openlane/designs/RiscvALU/src/ALU.v:13$2'.

14. Executing PROC_DFF pass (convert process syncs to FFs).

15. Executing PROC_MEMWR pass (convert process memory writes to cells).

16. Executing PROC_CLEAN pass (remove empty switches from decision trees).
Found and cleaned up 1 empty switch in `\ALU.$proc$/openlane/designs/RiscvALU/src/ALU.v:13$2'.
Removing empty process `ALU.$proc$/openlane/designs/RiscvALU/src/ALU.v:13$2'.
Cleaned up 1 empty switch.

17. Executing CHECK pass (checking for obvious problems).
Checking module ALU...
Found and reported 0 problems.

18. Executing OPT_EXPR pass (perform const folding).
Optimizing module ALU.
<suppressed ~2 debug messages>

19. Executing FLATTEN pass (flatten design).

20. Executing OPT_EXPR pass (perform const folding).
Optimizing module ALU.

21. Executing OPT_CLEAN pass (remove unused cells and wires).
Finding unused cells or wires in module \ALU..
Removed 0 unused cells and 4 unused wires.
<suppressed ~1 debug messages>

22. Executing OPT pass (performing simple optimizations).

22.1. Executing OPT_EXPR pass (perform const folding).
Optimizing module ALU.

22.2. Executing OPT_MERGE pass (detect identical cells).
Finding identical cells in module `\ALU'.
Removed a total of 0 cells.

22.3. Executing OPT_MUXTREE pass (detect dead branches in mux trees).
Running muxtree optimizer on module \ALU..
  Creating internal representation of mux trees.
  Evaluating internal representation of mux trees.
  Analyzing evaluation results.
Removed 0 multiplexer ports.
<suppressed ~1 debug messages>

22.4. Executing OPT_REDUCE pass (consolidate $*mux and $reduce_* inputs).
  Optimizing cells in module \ALU.
Performed a total of 0 changes.

22.5. Executing OPT_MERGE pass (detect identical cells).
Finding identical cells in module `\ALU'.
Removed a total of 0 cells.

22.6. Executing OPT_DFF pass (perform DFF optimizations).

22.7. Executing OPT_CLEAN pass (remove unused cells and wires).
Finding unused cells or wires in module \ALU..

22.8. Executing OPT_EXPR pass (perform const folding).
Optimizing module ALU.

22.9. Finished OPT passes. (There is nothing left to do.)

23. Executing FSM pass (extract and optimize FSM).

23.1. Executing FSM_DETECT pass (finding FSMs in design).

23.2. Executing FSM_EXTRACT pass (extracting FSM from design).

23.3. Executing FSM_OPT pass (simple optimizations of FSMs).

23.4. Executing OPT_CLEAN pass (remove unused cells and wires).
Finding unused cells or wires in module \ALU..

23.5. Executing FSM_OPT pass (simple optimizations of FSMs).

23.6. Executing FSM_RECODE pass (re-assigning FSM state encoding).

23.7. Executing FSM_INFO pass (dumping all available information on FSM cells).

23.8. Executing FSM_MAP pass (mapping FSMs to basic logic).

24. Executing OPT pass (performing simple optimizations).

24.1. Executing OPT_EXPR pass (perform const folding).
Optimizing module ALU.

24.2. Executing OPT_MERGE pass (detect identical cells).
Finding identical cells in module `\ALU'.
Removed a total of 0 cells.

24.3. Executing OPT_MUXTREE pass (detect dead branches in mux trees).
Running muxtree optimizer on module \ALU..
  Creating internal representation of mux trees.
  Evaluating internal representation of mux trees.
  Analyzing evaluation results.
Removed 0 multiplexer ports.
<suppressed ~1 debug messages>

24.4. Executing OPT_REDUCE pass (consolidate $*mux and $reduce_* inputs).
  Optimizing cells in module \ALU.
Performed a total of 0 changes.

24.5. Executing OPT_MERGE pass (detect identical cells).
Finding identical cells in module `\ALU'.
Removed a total of 0 cells.

24.6. Executing OPT_DFF pass (perform DFF optimizations).

24.7. Executing OPT_CLEAN pass (remove unused cells and wires).
Finding unused cells or wires in module \ALU..

24.8. Executing OPT_EXPR pass (perform const folding).
Optimizing module ALU.

24.9. Finished OPT passes. (There is nothing left to do.)

25. Executing WREDUCE pass (reducing word size of cells).
Removed top 31 bits (of 32) from mux cell ALU.$ternary$/openlane/designs/RiscvALU/src/ALU.v:19$8 ($mux).
Removed top 31 bits (of 32) from mux cell ALU.$ternary$/openlane/designs/RiscvALU/src/ALU.v:20$10 ($mux).
Removed top 29 bits (of 32) from port B of cell ALU.$add$/openlane/designs/RiscvALU/src/ALU.v:25$15 ($add).
Removed top 1 bits (of 4) from port B of cell ALU.$procmux$22_CMP0 ($eq).
Removed top 1 bits (of 4) from port B of cell ALU.$procmux$23_CMP0 ($eq).
Removed top 1 bits (of 4) from port B of cell ALU.$procmux$24_CMP0 ($eq).
Removed top 1 bits (of 4) from port B of cell ALU.$procmux$25_CMP0 ($eq).
Removed top 2 bits (of 4) from port B of cell ALU.$procmux$26_CMP0 ($eq).
Removed top 2 bits (of 4) from port B of cell ALU.$procmux$27_CMP0 ($eq).
Removed top 3 bits (of 4) from port B of cell ALU.$procmux$28_CMP0 ($eq).
Removed top 31 bits (of 32) from wire ALU.$ternary$/openlane/designs/RiscvALU/src/ALU.v:19$8_Y.
Removed top 31 bits (of 32) from wire ALU.$ternary$/openlane/designs/RiscvALU/src/ALU.v:20$10_Y.

26. Executing PEEPOPT pass (run peephole optimizers).

27. Executing OPT_CLEAN pass (remove unused cells and wires).
Finding unused cells or wires in module \ALU..
Removed 0 unused cells and 2 unused wires.
<suppressed ~1 debug messages>

28. Executing ALUMACC pass (create $alu and $macc cells).
Extracting $alu and $macc cells in module ALU:
  creating $macc model for $add$/openlane/designs/RiscvALU/src/ALU.v:17$5 ($add).
  creating $macc model for $add$/openlane/designs/RiscvALU/src/ALU.v:25$15 ($add).
  creating $macc model for $sub$/openlane/designs/RiscvALU/src/ALU.v:18$6 ($sub).
  creating $alu model for $macc $sub$/openlane/designs/RiscvALU/src/ALU.v:18$6.
  creating $alu model for $macc $add$/openlane/designs/RiscvALU/src/ALU.v:25$15.
  creating $alu model for $macc $add$/openlane/designs/RiscvALU/src/ALU.v:17$5.
  creating $alu model for $lt$/openlane/designs/RiscvALU/src/ALU.v:19$7 ($lt): new $alu
  creating $alu model for $lt$/openlane/designs/RiscvALU/src/ALU.v:20$9 ($lt): new $alu
  creating $alu cell for $lt$/openlane/designs/RiscvALU/src/ALU.v:20$9: $auto$alumacc.cc:485:replace_alu$34
  creating $alu cell for $lt$/openlane/designs/RiscvALU/src/ALU.v:19$7: $auto$alumacc.cc:485:replace_alu$45
  creating $alu cell for $add$/openlane/designs/RiscvALU/src/ALU.v:17$5: $auto$alumacc.cc:485:replace_alu$58
  creating $alu cell for $add$/openlane/designs/RiscvALU/src/ALU.v:25$15: $auto$alumacc.cc:485:replace_alu$61
  creating $alu cell for $sub$/openlane/designs/RiscvALU/src/ALU.v:18$6: $auto$alumacc.cc:485:replace_alu$64
  created 5 $alu and 0 $macc cells.

29. Executing SHARE pass (SAT-based resource sharing).
Found 3 cells in module ALU that may be considered for resource sharing.
  Analyzing resource sharing options for $sshr$/openlane/designs/RiscvALU/src/ALU.v:23$13 ($sshr):
    Found 1 activation_patterns using ctrl signal $procmux$21_CMP.
    No candidates found.
  Analyzing resource sharing options for $shr$/openlane/designs/RiscvALU/src/ALU.v:22$12 ($shr):
    Found 1 activation_patterns using ctrl signal $procmux$22_CMP.
    No candidates found.
  Analyzing resource sharing options for $shl$/openlane/designs/RiscvALU/src/ALU.v:24$14 ($shl):
    Found 1 activation_patterns using ctrl signal $procmux$20_CMP.
    No candidates found.

30. Executing OPT pass (performing simple optimizations).

30.1. Executing OPT_EXPR pass (perform const folding).
Optimizing module ALU.
<suppressed ~2 debug messages>

30.2. Executing OPT_MERGE pass (detect identical cells).
Finding identical cells in module `\ALU'.
Removed a total of 0 cells.

30.3. Executing OPT_MUXTREE pass (detect dead branches in mux trees).
Running muxtree optimizer on module \ALU..
  Creating internal representation of mux trees.
  Evaluating internal representation of mux trees.
  Analyzing evaluation results.
Removed 0 multiplexer ports.
<suppressed ~1 debug messages>

30.4. Executing OPT_REDUCE pass (consolidate $*mux and $reduce_* inputs).
  Optimizing cells in module \ALU.
Performed a total of 0 changes.

30.5. Executing OPT_MERGE pass (detect identical cells).
Finding identical cells in module `\ALU'.
Removed a total of 0 cells.

30.6. Executing OPT_DFF pass (perform DFF optimizations).

30.7. Executing OPT_CLEAN pass (remove unused cells and wires).
Finding unused cells or wires in module \ALU..
Removed 2 unused cells and 4 unused wires.
<suppressed ~3 debug messages>

30.8. Executing OPT_EXPR pass (perform const folding).
Optimizing module ALU.

30.9. Rerunning OPT passes. (Maybe there is more to do..)

30.10. Executing OPT_MUXTREE pass (detect dead branches in mux trees).
Running muxtree optimizer on module \ALU..
  Creating internal representation of mux trees.
  Evaluating internal representation of mux trees.
  Analyzing evaluation results.
Removed 0 multiplexer ports.
<suppressed ~1 debug messages>

30.11. Executing OPT_REDUCE pass (consolidate $*mux and $reduce_* inputs).
  Optimizing cells in module \ALU.
Performed a total of 0 changes.

30.12. Executing OPT_MERGE pass (detect identical cells).
Finding identical cells in module `\ALU'.
Removed a total of 0 cells.

30.13. Executing OPT_DFF pass (perform DFF optimizations).

30.14. Executing OPT_CLEAN pass (remove unused cells and wires).
Finding unused cells or wires in module \ALU..

30.15. Executing OPT_EXPR pass (perform const folding).
Optimizing module ALU.

30.16. Finished OPT passes. (There is nothing left to do.)

31. Executing MEMORY pass.

31.1. Executing OPT_MEM pass (optimize memories).
Performed a total of 0 transformations.

31.2. Executing OPT_MEM_PRIORITY pass (removing unnecessary memory write priority relations).
Performed a total of 0 transformations.

31.3. Executing OPT_MEM_FEEDBACK pass (finding memory read-to-write feedback paths).

31.4. Executing MEMORY_BMUX2ROM pass (converting muxes to ROMs).

31.5. Executing MEMORY_DFF pass (merging $dff cells to $memrd).

31.6. Executing OPT_CLEAN pass (remove unused cells and wires).
Finding unused cells or wires in module \ALU..

31.7. Executing MEMORY_SHARE pass (consolidating $memrd/$memwr cells).

31.8. Executing OPT_MEM_WIDEN pass (optimize memories where all ports are wide).
Performed a total of 0 transformations.

31.9. Executing OPT_CLEAN pass (remove unused cells and wires).
Finding unused cells or wires in module \ALU..

31.10. Executing MEMORY_COLLECT pass (generating $mem cells).

32. Executing OPT_CLEAN pass (remove unused cells and wires).
Finding unused cells or wires in module \ALU..

33. Executing OPT pass (performing simple optimizations).

33.1. Executing OPT_EXPR pass (perform const folding).
Optimizing module ALU.
<suppressed ~3 debug messages>

33.2. Executing OPT_MERGE pass (detect identical cells).
Finding identical cells in module `\ALU'.
Removed a total of 0 cells.

33.3. Executing OPT_DFF pass (perform DFF optimizations).

33.4. Executing OPT_CLEAN pass (remove unused cells and wires).
Finding unused cells or wires in module \ALU..

33.5. Finished fast OPT passes.

34. Executing MEMORY_MAP pass (converting memories to logic and flip-flops).

35. Executing OPT pass (performing simple optimizations).

35.1. Executing OPT_EXPR pass (perform const folding).
Optimizing module ALU.

35.2. Executing OPT_MERGE pass (detect identical cells).
Finding identical cells in module `\ALU'.
Removed a total of 0 cells.

35.3. Executing OPT_MUXTREE pass (detect dead branches in mux trees).
Running muxtree optimizer on module \ALU..
  Creating internal representation of mux trees.
  Evaluating internal representation of mux trees.
  Analyzing evaluation results.
Removed 0 multiplexer ports.
<suppressed ~1 debug messages>

35.4. Executing OPT_REDUCE pass (consolidate $*mux and $reduce_* inputs).
  Optimizing cells in module \ALU.
Performed a total of 0 changes.

35.5. Executing OPT_MERGE pass (detect identical cells).
Finding identical cells in module `\ALU'.
Removed a total of 0 cells.

35.6. Executing OPT_SHARE pass.
    Found cells that share an operand and can be merged by moving the $pmux $procmux$17 in front of them:
        $auto$alumacc.cc:485:replace_alu$64
        $auto$alumacc.cc:485:replace_alu$58

35.7. Executing OPT_DFF pass (perform DFF optimizations).

35.8. Executing OPT_CLEAN pass (remove unused cells and wires).
Finding unused cells or wires in module \ALU..
Removed 0 unused cells and 6 unused wires.
<suppressed ~1 debug messages>

35.9. Executing OPT_EXPR pass (perform const folding).
Optimizing module ALU.
<suppressed ~1 debug messages>

35.10. Rerunning OPT passes. (Maybe there is more to do..)

35.11. Executing OPT_MUXTREE pass (detect dead branches in mux trees).
Running muxtree optimizer on module \ALU..
  Creating internal representation of mux trees.
  Evaluating internal representation of mux trees.
  Analyzing evaluation results.
Removed 0 multiplexer ports.
<suppressed ~2 debug messages>

35.12. Executing OPT_REDUCE pass (consolidate $*mux and $reduce_* inputs).
  Optimizing cells in module \ALU.
    New ctrl vector for $pmux cell $procmux$17: { $procmux$29_CMP $procmux$28_CMP $auto$opt_reduce.cc:134:opt_pmux$75 $procmux$25_CMP $procmux$24_CMP $procmux$23_CMP $procmux$22_CMP $procmux$21_CMP $procmux$20_CMP $procmux$19_CMP $procmux$18_CMP }
  Optimizing cells in module \ALU.
Performed a total of 1 changes.

35.13. Executing OPT_MERGE pass (detect identical cells).
Finding identical cells in module `\ALU'.
Removed a total of 0 cells.

35.14. Executing OPT_SHARE pass.

35.15. Executing OPT_DFF pass (perform DFF optimizations).

35.16. Executing OPT_CLEAN pass (remove unused cells and wires).
Finding unused cells or wires in module \ALU..

35.17. Executing OPT_EXPR pass (perform const folding).
Optimizing module ALU.

35.18. Rerunning OPT passes. (Maybe there is more to do..)

35.19. Executing OPT_MUXTREE pass (detect dead branches in mux trees).
Running muxtree optimizer on module \ALU..
  Creating internal representation of mux trees.
  Evaluating internal representation of mux trees.
  Analyzing evaluation results.
Removed 0 multiplexer ports.
<suppressed ~2 debug messages>

35.20. Executing OPT_REDUCE pass (consolidate $*mux and $reduce_* inputs).
  Optimizing cells in module \ALU.
Performed a total of 0 changes.

35.21. Executing OPT_MERGE pass (detect identical cells).
Finding identical cells in module `\ALU'.
Removed a total of 0 cells.

35.22. Executing OPT_SHARE pass.

35.23. Executing OPT_DFF pass (perform DFF optimizations).

35.24. Executing OPT_CLEAN pass (remove unused cells and wires).
Finding unused cells or wires in module \ALU..

35.25. Executing OPT_EXPR pass (perform const folding).
Optimizing module ALU.

35.26. Finished OPT passes. (There is nothing left to do.)

36. Executing TECHMAP pass (map to technology primitives).

36.1. Executing Verilog-2005 frontend: /build/bin/../share/yosys/techmap.v
Parsing Verilog input from `/build/bin/../share/yosys/techmap.v' to AST representation.
Generating RTLIL representation for module `\_90_simplemap_bool_ops'.
Generating RTLIL representation for module `\_90_simplemap_reduce_ops'.
Generating RTLIL representation for module `\_90_simplemap_logic_ops'.
Generating RTLIL representation for module `\_90_simplemap_compare_ops'.
Generating RTLIL representation for module `\_90_simplemap_various'.
Generating RTLIL representation for module `\_90_simplemap_registers'.
Generating RTLIL representation for module `\_90_shift_ops_shr_shl_sshl_sshr'.
Generating RTLIL representation for module `\_90_shift_shiftx'.
Generating RTLIL representation for module `\_90_fa'.
Generating RTLIL representation for module `\_90_lcu'.
Generating RTLIL representation for module `\_90_alu'.
Generating RTLIL representation for module `\_90_macc'.
Generating RTLIL representation for module `\_90_alumacc'.
Generating RTLIL representation for module `\$__div_mod_u'.
Generating RTLIL representation for module `\$__div_mod_trunc'.
Generating RTLIL representation for module `\_90_div'.
Generating RTLIL representation for module `\_90_mod'.
Generating RTLIL representation for module `\$__div_mod_floor'.
Generating RTLIL representation for module `\_90_divfloor'.
Generating RTLIL representation for module `\_90_modfloor'.
Generating RTLIL representation for module `\_90_pow'.
Generating RTLIL representation for module `\_90_pmux'.
Generating RTLIL representation for module `\_90_demux'.
Generating RTLIL representation for module `\_90_lut'.
Successfully finished Verilog frontend.

36.2. Continuing TECHMAP pass.
Using extmapper simplemap for cells of type $logic_not.
Using template $paramod$fbc7873bff55778c0b3173955b7e4bce1d9d6834\_90_alu for cells of type $alu.
Using extmapper simplemap for cells of type $and.
Using extmapper simplemap for cells of type $or.
Using template $paramod$44a13d10af618e7fbe7b9aad2f6151ffcee1e2fa\_90_alu for cells of type $alu.
Using extmapper simplemap for cells of type $reduce_or.
Using extmapper simplemap for cells of type $mux.
Using extmapper simplemap for cells of type $not.
Using template $paramod$2653f68ddb8eab7b1907b4a20767b72a824a7a36\_90_alu for cells of type $alu.
Using extmapper simplemap for cells of type $xor.
Using template $paramod$constmap:4621fcf06a436d1e2a4080e2ed9866a7d07a6e07$paramod$feecc7a0dbd012970970f2858f15e786e251f677\_90_shift_ops_shr_shl_sshl_sshr for cells of type $shr.
Using template $paramod$constmap:4621fcf06a436d1e2a4080e2ed9866a7d07a6e07$paramod$e765c459d3029c22a22a27989e94858fd9ebfa9c\_90_shift_ops_shr_shl_sshl_sshr for cells of type $sshr.
Using template $paramod$constmap:4621fcf06a436d1e2a4080e2ed9866a7d07a6e07$paramod$335cfd09f1afa8139c4aafcbbe5f361887b79c5e\_90_shift_ops_shr_shl_sshl_sshr for cells of type $shl.
Using extmapper simplemap for cells of type $eq.
Using template $paramod$a5f0941832cc861549e29ccafffe20bfdf2e5528\_90_pmux for cells of type $pmux.
Using extmapper simplemap for cells of type $reduce_and.
Running "alumacc" on wrapper $extern:wrap:$neg:A_SIGNED=0:A_WIDTH=32:Y_WIDTH=32:394426c56d1a028ba8fdd5469b163e04011def47.
Using template $extern:wrap:$neg:A_SIGNED=0:A_WIDTH=32:Y_WIDTH=32:394426c56d1a028ba8fdd5469b163e04011def47 for cells of type $extern:wrap:$neg:A_SIGNED=0:A_WIDTH=32:Y_WIDTH=32:394426c56d1a028ba8fdd5469b163e04011def47.
Using template $paramod\_90_lcu\WIDTH=32'00000000000000000000000000100000 for cells of type $lcu.
Using extmapper simplemap for cells of type $pos.
Using template $paramod\_90_lcu\WIDTH=32'00000000000000000000000000011110 for cells of type $lcu.
Using template $paramod$c6baa65225090ac0a120feab1b920965244aa496\_90_alu for cells of type $alu.
No more expansions possible.
<suppressed ~2480 debug messages>

37. Executing OPT pass (performing simple optimizations).

37.1. Executing OPT_EXPR pass (perform const folding).
Optimizing module ALU.
<suppressed ~657 debug messages>

37.2. Executing OPT_MERGE pass (detect identical cells).
Finding identical cells in module `\ALU'.
<suppressed ~1482 debug messages>
Removed a total of 494 cells.

37.3. Executing OPT_DFF pass (perform DFF optimizations).

37.4. Executing OPT_CLEAN pass (remove unused cells and wires).
Finding unused cells or wires in module \ALU..
Removed 97 unused cells and 668 unused wires.
<suppressed ~98 debug messages>

37.5. Finished fast OPT passes.

38. Executing ABC pass (technology mapping using ABC).

38.1. Extracting gate netlist of module `\ALU' to `<abc-temp-dir>/input.blif'..
Extracted 1810 gates and 1879 wires to a netlist network with 68 inputs and 33 outputs.

38.1.1. Executing ABC.
Running ABC command: "<yosys-exe-dir>/yosys-abc" -s -f <abc-temp-dir>/abc.script 2>&1
ABC: ABC command line: "source <abc-temp-dir>/abc.script".
ABC: 
ABC: + read_blif <abc-temp-dir>/input.blif 
ABC: + read_library <abc-temp-dir>/stdcells.genlib 
ABC: Entered genlib library with 13 gates from file "<abc-temp-dir>/stdcells.genlib".
ABC: + strash 
ABC: + dretime 
ABC: + map 
ABC: + write_blif <abc-temp-dir>/output.blif 

38.1.2. Re-integrating ABC results.
ABC RESULTS:             ORNOT cells:       55
ABC RESULTS:               NOT cells:       64
ABC RESULTS:               AND cells:       64
ABC RESULTS:              XNOR cells:       37
ABC RESULTS:               MUX cells:      341
ABC RESULTS:              NAND cells:       85
ABC RESULTS:               XOR cells:      118
ABC RESULTS:               NOR cells:       18
ABC RESULTS:                OR cells:      305
ABC RESULTS:            ANDNOT cells:      658
ABC RESULTS:        internal signals:     1778
ABC RESULTS:           input signals:       68
ABC RESULTS:          output signals:       33
Removing temp directory.

39. Executing OPT pass (performing simple optimizations).

39.1. Executing OPT_EXPR pass (perform const folding).
Optimizing module ALU.
<suppressed ~120 debug messages>

39.2. Executing OPT_MERGE pass (detect identical cells).
Finding identical cells in module `\ALU'.
<suppressed ~3 debug messages>
Removed a total of 1 cells.

39.3. Executing OPT_DFF pass (perform DFF optimizations).

39.4. Executing OPT_CLEAN pass (remove unused cells and wires).
Finding unused cells or wires in module \ALU..
Removed 0 unused cells and 474 unused wires.
<suppressed ~1 debug messages>

39.5. Finished fast OPT passes.

40. Executing HIERARCHY pass (managing design hierarchy).

40.1. Analyzing design hierarchy..
Top module:  \ALU

40.2. Analyzing design hierarchy..
Top module:  \ALU
Removed 0 unused modules.

41. Printing statistics.

=== ALU ===

   Number of wires:               1716
   Number of wire bits:           1812
   Number of public wires:           5
   Number of public wire bits:     101
   Number of memories:               0
   Number of memory bits:            0
   Number of processes:              0
   Number of cells:               1744
     $_ANDNOT_                     657
     $_AND_                         64
     $_MUX_                        341
     $_NAND_                        85
     $_NOR_                         18
     $_NOT_                         64
     $_ORNOT_                       55
     $_OR_                         305
     $_XNOR_                        37
     $_XOR_                        118

42. Executing CHECK pass (checking for obvious problems).
Checking module ALU...
Found and reported 0 problems.

43. Generating Graphviz representation of design.
Writing dot description to `/openlane/designs/RiscvALU/runs/RUN_2026.09.20_19.53.10/tmp/synthesis/post_techmap.dot'.
Dumping module ALU to page 1.

44. Executing SHARE pass (SAT-based resource sharing).

45. Executing OPT pass (performing simple optimizations).

45.1. Executing OPT_EXPR pass (perform const folding).
Optimizing module ALU.

45.2. Executing OPT_MERGE pass (detect identical cells).
Finding identical cells in module `\ALU'.
Removed a total of 0 cells.

45.3. Executing OPT_MUXTREE pass (detect dead branches in mux trees).
Running muxtree optimizer on module \ALU..
  Creating internal representation of mux trees.
  No muxes found in this module.
Removed 0 multiplexer ports.

45.4. Executing OPT_REDUCE pass (consolidate $*mux and $reduce_* inputs).
  Optimizing cells in module \ALU.
Performed a total of 0 changes.

45.5. Executing OPT_MERGE pass (detect identical cells).
Finding identical cells in module `\ALU'.
Removed a total of 0 cells.

45.6. Executing OPT_DFF pass (perform DFF optimizations).

45.7. Executing OPT_CLEAN pass (remove unused cells and wires).
Finding unused cells or wires in module \ALU..

45.8. Executing OPT_EXPR pass (perform const folding).
Optimizing module ALU.

45.9. Finished OPT passes. (There is nothing left to do.)

46. Executing OPT_CLEAN pass (remove unused cells and wires).
Finding unused cells or wires in module \ALU..

47. Printing statistics.

=== ALU ===

   Number of wires:               1716
   Number of wire bits:           1812
   Number of public wires:           5
   Number of public wire bits:     101
   Number of memories:               0
   Number of memory bits:            0
   Number of processes:              0
   Number of cells:               1744
     $_ANDNOT_                     657
     $_AND_                         64
     $_MUX_                        341
     $_NAND_                        85
     $_NOR_                         18
     $_NOT_                         64
     $_ORNOT_                       55
     $_OR_                         305
     $_XNOR_                        37
     $_XOR_                        118

mapping tbuf

48. Executing TECHMAP pass (map to technology primitives).

48.1. Executing Verilog-2005 frontend: /home/onur/.ciel/sky130A/libs.tech/openlane/sky130_fd_sc_hd/tribuff_map.v
Parsing Verilog input from `/home/onur/.ciel/sky130A/libs.tech/openlane/sky130_fd_sc_hd/tribuff_map.v' to AST representation.
Generating RTLIL representation for module `\$_TBUF_'.
Successfully finished Verilog frontend.

48.2. Continuing TECHMAP pass.
No more expansions possible.
<suppressed ~3 debug messages>

49. Executing SIMPLEMAP pass (map simple cells to gate primitives).

50. Executing TECHMAP pass (map to technology primitives).

50.1. Executing Verilog-2005 frontend: /home/onur/.ciel/sky130A/libs.tech/openlane/sky130_fd_sc_hd/latch_map.v
Parsing Verilog input from `/home/onur/.ciel/sky130A/libs.tech/openlane/sky130_fd_sc_hd/latch_map.v' to AST representation.
Generating RTLIL representation for module `\$_DLATCH_P_'.
Generating RTLIL representation for module `\$_DLATCH_N_'.
Successfully finished Verilog frontend.

50.2. Continuing TECHMAP pass.
No more expansions possible.
<suppressed ~4 debug messages>

51. Executing SIMPLEMAP pass (map simple cells to gate primitives).

52. Executing DFFLIBMAP pass (mapping DFF cells to sequential cells from liberty file).
  cell D_FF_pe (noninv, pins=4, area=28.78) is a direct match for cell type $_DFF_P_.
  final dff cell mappings:
    unmapped dff cell: $_DFF_N_
    \D_FF_pe _DFF_P_ (.CLK( C), .D( D), .Q( Q), .QN( ));
    unmapped dff cell: $_DFF_NN0_
    unmapped dff cell: $_DFF_NN1_
    unmapped dff cell: $_DFF_NP0_
    unmapped dff cell: $_DFF_NP1_
    unmapped dff cell: $_DFF_PN0_
    unmapped dff cell: $_DFF_PN1_
    unmapped dff cell: $_DFF_PP0_
    unmapped dff cell: $_DFF_PP1_
    unmapped dff cell: $_DFFSR_NNN_
    unmapped dff cell: $_DFFSR_NNP_
    unmapped dff cell: $_DFFSR_NPN_
    unmapped dff cell: $_DFFSR_NPP_
    unmapped dff cell: $_DFFSR_PNN_
    unmapped dff cell: $_DFFSR_PNP_
    unmapped dff cell: $_DFFSR_PPN_
    unmapped dff cell: $_DFFSR_PPP_

52.1. Executing DFFLEGALIZE pass (convert FFs to types supported by the target).
Mapping DFF cells in module `\ALU':

53. Printing statistics.

=== ALU ===

   Number of wires:               1716
   Number of wire bits:           1812
   Number of public wires:           5
   Number of public wire bits:     101
   Number of memories:               0
   Number of memory bits:            0
   Number of processes:              0
   Number of cells:               1744
     $_ANDNOT_                     657
     $_AND_                         64
     $_MUX_                        341
     $_NAND_                        85
     $_NOR_                         18
     $_NOT_                         64
     $_ORNOT_                       55
     $_OR_                         305
     $_XNOR_                        37
     $_XOR_                        118

[INFO]: USING STRATEGY AREA 0

54. Executing ABC pass (technology mapping using ABC).

54.1. Extracting gate netlist of module `\ALU' to `/tmp/yosys-abc-hAS8Hw/input.blif'..
Extracted 1744 gates and 1812 wires to a netlist network with 68 inputs and 33 outputs.

54.1.1. Executing ABC.
Running ABC command: "/build/bin/yosys-abc" -s -f /tmp/yosys-abc-hAS8Hw/abc.script 2>&1
ABC: ABC command line: "source /tmp/yosys-abc-hAS8Hw/abc.script".
ABC: 
ABC: + read_blif /tmp/yosys-abc-hAS8Hw/input.blif 
ABC: + read_lib -w /openlane/designs/RiscvALU/runs/RUN_2026.09.20_19.53.10/tmp/synthesis/trimmed.lib 
ABC: Parsing finished successfully.  Parsing time =     0.00 sec
ABC: Scl_LibertyReadGenlib() skipped sequential cell "D_FF_pe".
ABC: Library "sky130A_merged" from "/openlane/designs/RiscvALU/runs/RUN_2026.09.20_19.53.10/tmp/synthesis/trimmed.lib" has 13 cells (1 skipped: 1 seq; 0 tri-state; 0 no func; 0 dont_use).  Time =     0.00 sec
ABC: Memory =    0.28 MB. Time =     0.00 sec
ABC: + read_constr -v /openlane/designs/RiscvALU/runs/RUN_2026.09.20_19.53.10/tmp/synthesis/synthesis.sdc 
ABC: Setting driving cell to be "sky130_fd_sc_hd__inv_2".
ABC: Setting output load to be 33.442001.
ABC: + read_constr /openlane/designs/RiscvALU/runs/RUN_2026.09.20_19.53.10/tmp/synthesis/synthesis.sdc 
ABC: + fx 
ABC: + mfs 
ABC: + strash 
ABC: + refactor 
ABC: + balance 
ABC: + rewrite 
ABC: + refactor 
ABC: + balance 
ABC: + rewrite 
ABC: + rewrite -z 
ABC: + balance 
ABC: + refactor -z 
ABC: + rewrite -z 
ABC: + balance 
ABC: + retime -D -D 20000 -M 5 
ABC: + scleanup 
ABC: Error: The network is combinational.
ABC: + fraig_store 
ABC: + balance 
ABC: + fraig_store 
ABC: + balance 
ABC: + rewrite 
ABC: + refactor 
ABC: + balance 
ABC: + rewrite 
ABC: + rewrite -z 
ABC: + balance 
ABC: + refactor -z 
ABC: + rewrite -z 
ABC: + balance 
ABC: + fraig_store 
ABC: + balance 
ABC: + rewrite 
ABC: + refactor 
ABC: + balance 
ABC: + rewrite 
ABC: + rewrite -z 
ABC: + balance 
ABC: + refactor -z 
ABC: + rewrite -z 
ABC: + balance 
ABC: + fraig_store 
ABC: + balance 
ABC: + rewrite 
ABC: + refactor 
ABC: + balance 
ABC: + rewrite 
ABC: + rewrite -z 
ABC: + balance 
ABC: + refactor -z 
ABC: + rewrite -z 
ABC: + balance 
ABC: + fraig_store 
ABC: + fraig_restore 
ABC: + amap -m -Q 0.1 -F 20 -A 20 -C 5000 
ABC: + retime -D -D 20000 
ABC: + &get -n 
ABC: + &st 
ABC: + &dch 
ABC: + &nf 
ABC: + &put 
ABC: + buffer -N 10 -S 750.0 
ABC: + upsize -D 20000 
ABC: Current delay (2748.08 ps) does not exceed the target delay (20000.00 ps). Upsizing is not performed.
ABC: + dnsize -D 20000 
ABC: + stime -p 
ABC: WireLoad = "none"  Gates =   2203 ( 16.2 %)   Cap =  4.8 ff (  1.2 %)   Area =    11247.08 ( 94.6 %)   Delay =  3179.70 ps  (  3.3 %)               
ABC: Path  0 --       4 : 0    6 pi                     A =   0.00  Df =  45.9  -23.1 ps  S =  69.4 ps  Cin =  0.0 ff  Cout =  14.1 ff  Cmax =   0.0 ff  G =    0  
ABC: Path  1 --     422 : 1    5 inverter               A =   3.75  Df = 108.6   -4.4 ps  S = 102.7 ps  Cin =  2.4 ff  Cout =  11.9 ff  Cmax =   0.0 ff  G =  492  
ABC: Path  2 --     503 : 2    4 Nand_gate              A =   5.00  Df = 182.8   -3.5 ps  S =  80.0 ps  Cin =  2.5 ff  Cout =   8.7 ff  Cmax =   0.0 ff  G =  346  
ABC: Path  3 --     601 : 2    3 Nor_gate               A =   3.76  Df = 289.6  -63.4 ps  S = 123.9 ps  Cin =  2.2 ff  Cout =   6.4 ff  Cmax =   0.0 ff  G =  283  
ABC: Path  4 --     638 : 1   10 sky130_fd_sc_hd__buf_1 A =   3.75  Df = 549.3 -151.0 ps  S = 272.6 ps  Cin =  2.1 ff  Cout =  23.1 ff  Cmax = 130.0 ff  G = 1085  
ABC: Path  5 --    1330 : 1   10 sky130_fd_sc_hd__buf_1 A =   3.75  Df = 827.2 -214.1 ps  S = 267.3 ps  Cin =  2.1 ff  Cout =  23.1 ff  Cmax = 130.0 ff  G = 1076  
ABC: Path  6 --    1444 : 2    1 Nor_gate               A =   3.76  Df = 878.8 -191.4 ps  S =  65.8 ps  Cin =  2.2 ff  Cout =   2.2 ff  Cmax =   0.0 ff  G =   95  
ABC: Path  7 --    1445 : 2    1 Nor_gate               A =   3.76  Df = 961.8 -209.1 ps  S =  97.9 ps  Cin =  2.2 ff  Cout =   4.7 ff  Cmax =   0.0 ff  G =  208  
ABC: Path  8 --    1446 : 2    3 Xnor                   A =  10.01  Df =1222.5 -370.8 ps  S = 294.5 ps  Cin =  3.3 ff  Cout =   9.6 ff  Cmax =   0.0 ff  G =  283  
ABC: Path  9 --    1447 : 2    4 Xnor                   A =  10.01  Df =1513.2 -539.2 ps  S = 299.0 ps  Cin =  3.3 ff  Cout =   9.8 ff  Cmax =   0.0 ff  G =  289  
ABC: Path 10 --    1495 : 2    2 Nand_gate              A =   5.00  Df =1598.3 -293.5 ps  S =  66.1 ps  Cin =  2.5 ff  Cout =   4.4 ff  Cmax =   0.0 ff  G =  173  
ABC: Path 11 --    1496 : 2    2 Nor_gate               A =   3.76  Df =1687.9 -347.1 ps  S = 100.9 ps  Cin =  2.2 ff  Cout =   4.8 ff  Cmax =   0.0 ff  G =  214  
ABC: Path 12 --    1613 : 2    1 Nand_gate              A =   5.00  Df =1734.3 -288.1 ps  S =  36.7 ps  Cin =  2.5 ff  Cout =   2.6 ff  Cmax =   0.0 ff  G =  102  
ABC: Path 13 --    1621 : 2    1 Nand_gate              A =   5.00  Df =1771.9 -269.7 ps  S =  34.0 ps  Cin =  2.5 ff  Cout =   2.2 ff  Cmax =   0.0 ff  G =   86  
ABC: Path 14 --    1622 : 2    3 Nor_gate               A =   3.76  Df =1811.3 -202.9 ps  S = 132.5 ps  Cin =  2.2 ff  Cout =   7.2 ff  Cmax =   0.0 ff  G =  314  
ABC: Path 15 --    2010 : 2    1 Nor_gate               A =   3.76  Df =1881.0 -127.2 ps  S =  64.1 ps  Cin =  2.2 ff  Cout =   2.4 ff  Cmax =   0.0 ff  G =  104  
ABC: Path 16 --    2014 : 2    2 Nor_gate               A =   3.76  Df =1923.4  -57.8 ps  S =  98.2 ps  Cin =  2.2 ff  Cout =   4.8 ff  Cmax =   0.0 ff  G =  209  
ABC: Path 17 --    2099 : 2    1 Nor_gate               A =   3.76  Df =1991.3  -84.2 ps  S =  64.0 ps  Cin =  2.2 ff  Cout =   2.4 ff  Cmax =   0.0 ff  G =  104  
ABC: Path 18 --    2108 : 2    2 Nor_gate               A =   3.76  Df =2034.2  -34.0 ps  S = 100.5 ps  Cin =  2.2 ff  Cout =   4.9 ff  Cmax =   0.0 ff  G =  216  
ABC: Path 19 --    2115 : 2    3 Nor_gate               A =   3.76  Df =2146.6  -89.6 ps  S = 125.6 ps  Cin =  2.2 ff  Cout =   6.7 ff  Cmax =   0.0 ff  G =  295  
ABC: Path 20 --    2197 : 2    1 Nor_gate               A =   3.76  Df =2192.4  -68.0 ps  S =  60.6 ps  Cin =  2.2 ff  Cout =   2.2 ff  Cmax =   0.0 ff  G =   95  
ABC: Path 21 --    2198 : 2    2 Nor_gate               A =   3.76  Df =2272.2 -110.6 ps  S =  96.0 ps  Cin =  2.2 ff  Cout =   4.6 ff  Cmax =   0.0 ff  G =  202  
ABC: Path 22 --    2199 : 2    2 Nand_gate              A =   5.00  Df =2330.6 -122.5 ps  S =  56.2 ps  Cin =  2.5 ff  Cout =   5.0 ff  Cmax =   0.0 ff  G =  200  
ABC: Path 23 --    2234 : 2    2 Nand_gate              A =   5.00  Df =2380.7 -122.4 ps  S =  53.8 ps  Cin =  2.5 ff  Cout =   4.9 ff  Cmax =   0.0 ff  G =  197  
ABC: Path 24 --    2239 : 2    1 Nor_gate               A =   3.76  Df =2412.4  -86.2 ps  S =  62.1 ps  Cin =  2.2 ff  Cout =   2.2 ff  Cmax =   0.0 ff  G =   95  
ABC: Path 25 --    2240 : 2    1 Nor_gate               A =   3.76  Df =2470.1 -113.7 ps  S =  67.7 ps  Cin =  2.2 ff  Cout =   2.4 ff  Cmax =   0.0 ff  G =  107  
ABC: Path 26 --    2241 : 2    1 Nand_gate              A =   5.00  Df =2510.4  -46.7 ps  S =  36.9 ps  Cin =  2.5 ff  Cout =   2.6 ff  Cmax =   0.0 ff  G =  102  
ABC: Path 27 --    2269 : 2    1 Nand_gate              A =   5.00  Df =2547.8  -48.6 ps  S =  34.7 ps  Cin =  2.5 ff  Cout =   2.2 ff  Cmax =   0.0 ff  G =   85  
ABC: Path 28 --    2270 : 1    2 sky130_fd_sc_hd__buf_1 A =   3.75  Df =2885.4 -165.1 ps  S = 422.7 ps  Cin =  2.1 ff  Cout =  35.8 ff  Cmax = 130.0 ff  G = 1702  
ABC: Path 29 --    2303 : 2    1 Nor_gate               A =   3.76  Df =2956.4 -125.9 ps  S =  70.4 ps  Cin =  2.2 ff  Cout =   2.2 ff  Cmax =   0.0 ff  G =   93  
ABC: Path 30 --    2304 : 1    1 sky130_fd_sc_hd__buf_1 A =   3.75  Df =3179.7  -17.7 ps  S = 397.4 ps  Cin =  2.1 ff  Cout =  33.4 ff  Cmax = 130.0 ff  G = 1590  
ABC: Start-point = pi3 (\alu_control [3]).  End-point = po32 (\zero).
ABC: + print_stats -m 
ABC: netlist                       : i/o =   68/   33  lat =    0  nd =  2203  edge =   4285  area =11245.64  delay =33.00  lev = 33
ABC: + write_blif /tmp/yosys-abc-hAS8Hw/output.blif 

54.1.2. Re-integrating ABC results.
ABC RESULTS:   sky130_fd_sc_hd__inv_2 cells:       19
ABC RESULTS:              Xnor cells:       62
ABC RESULTS:               Mux cells:      235
ABC RESULTS:          inverter cells:      238
ABC RESULTS:         Nand_gate cells:      658
ABC RESULTS:          Nor_gate cells:      892
ABC RESULTS:   sky130_fd_sc_hd__buf_1 cells:       99
ABC RESULTS:        internal signals:     1711
ABC RESULTS:           input signals:       68
ABC RESULTS:          output signals:       33
Removing temp directory.

55. Executing SETUNDEF pass (replace undef values with defined constants).

56. Executing HILOMAP pass (mapping to constant drivers).

57. Executing SPLITNETS pass (splitting up multi-bit signals).

58. Executing OPT_CLEAN pass (remove unused cells and wires).
Finding unused cells or wires in module \ALU..
Removed 0 unused cells and 1812 unused wires.
<suppressed ~1 debug messages>

59. Executing INSBUF pass (insert buffer cells for connected wires).

60. Executing CHECK pass (checking for obvious problems).
Checking module ALU...
Warning: Wire ALU.\zero is used but has no driver.
Warning: Wire ALU.\result [31] is used but has no driver.
Warning: Wire ALU.\result [30] is used but has no driver.
Warning: Wire ALU.\result [29] is used but has no driver.
Warning: Wire ALU.\result [28] is used but has no driver.
Warning: Wire ALU.\result [27] is used but has no driver.
Warning: Wire ALU.\result [26] is used but has no driver.
Warning: Wire ALU.\result [25] is used but has no driver.
Warning: Wire ALU.\result [24] is used but has no driver.
Warning: Wire ALU.\result [23] is used but has no driver.
Warning: Wire ALU.\result [22] is used but has no driver.
Warning: Wire ALU.\result [21] is used but has no driver.
Warning: Wire ALU.\result [20] is used but has no driver.
Warning: Wire ALU.\result [19] is used but has no driver.
Warning: Wire ALU.\result [18] is used but has no driver.
Warning: Wire ALU.\result [17] is used but has no driver.
Warning: Wire ALU.\result [16] is used but has no driver.
Warning: Wire ALU.\result [15] is used but has no driver.
Warning: Wire ALU.\result [14] is used but has no driver.
Warning: Wire ALU.\result [13] is used but has no driver.
Warning: Wire ALU.\result [12] is used but has no driver.
Warning: Wire ALU.\result [11] is used but has no driver.
Warning: Wire ALU.\result [10] is used but has no driver.
Warning: Wire ALU.\result [9] is used but has no driver.
Warning: Wire ALU.\result [8] is used but has no driver.
Warning: Wire ALU.\result [7] is used but has no driver.
Warning: Wire ALU.\result [6] is used but has no driver.
Warning: Wire ALU.\result [5] is used but has no driver.
Warning: Wire ALU.\result [4] is used but has no driver.
Warning: Wire ALU.\result [3] is used but has no driver.
Warning: Wire ALU.\result [2] is used but has no driver.
Warning: Wire ALU.\result [1] is used but has no driver.
Warning: Wire ALU.\result [0] is used but has no driver.
Found and reported 33 problems.

61. Printing statistics.

=== ALU ===

   Number of wires:               2175
   Number of wire bits:           2271
   Number of public wires:           5
   Number of public wire bits:     101
   Number of memories:               0
   Number of memory bits:            0
   Number of processes:              0
   Number of cells:               2203
     Mux                           235
     Nand_gate                     658
     Nor_gate                      892
     Xnor                           62
     inverter                      238
     sky130_fd_sc_hd__buf_1         99
     sky130_fd_sc_hd__inv_2         19

   Chip area for module '\ALU': 11247.084800

62. Executing Verilog backend.
Dumping module `\ALU'.

Warnings: 33 unique messages, 33 total
End of script. Logfile hash: 54a901396e, CPU: user 1.00s system 0.04s, MEM: 29.23 MB peak
Yosys 0.30+48 (git sha1 14d50a176d5, gcc 8.3.1 -fPIC -Os)
Time spent: 61% 2x abc (1 sec), 10% 28x opt_expr (0 sec), ...
