OpenROAD 41a51eaf4ca2171c92ff38afb91eb37bbd3f36da 
This program is licensed under the BSD-3 license. See the LICENSE file for details.
Components of this program may be licensed under more restrictive licenses which must be honored.
[INFO]: Reading ODB at '/openlane/designs/4bit/runs/RUN_2026.09.22_13.10.46/results/floorplan/counter4s.odb'…
define_corners Typical
read_liberty -corner Typical /home/onur/.ciel/ciel/sky130/versions/0fe599b2afb6708d281543108caf8310912f54af/sky130A/libs.ref/sky130_fd_sc_hd/lib/MySCL_M_tt.lib
Using 1e-12 for capacitance...
Using 1e+03 for resistance...
Using 1e-09 for time...
Using 1e+00 for voltage...
Using 1e-03 for current...
Using 1e-09 for power...
Using 1e-06 for distance...
Reading design constraints file at '/openlane/designs/4bit/runs/RUN_2026.09.22_13.10.46/tmp/floorplan/3-initial_fp.sdc'…
[INFO]: Setting RC values...
[INFO]: Setting signal min routing layer to: met1 and clock min routing layer to met3. 
[INFO]: Setting signal max routing layer to: met5 and clock max routing layer to met5. 
[INFO GPL-0002] DBU: 1000
[INFO GPL-0003] SiteSize: 460 2720
[INFO GPL-0004] CoreAreaLxLy: 5520 10880
[INFO GPL-0005] CoreAreaUxUy: 94300 116960
[INFO GPL-0006] NumInstances: 219
[INFO GPL-0007] NumPlaceInstances: 18
[INFO GPL-0008] NumFixedInstances: 201
[INFO GPL-0009] NumDummyInstances: 0
[INFO GPL-0010] NumNets: 21
[INFO GPL-0011] NumPins: 58
[INFO GPL-0012] DieAreaLxLy: 0 0
[INFO GPL-0013] DieAreaUxUy: 100000 130000
[INFO GPL-0014] CoreAreaLxLy: 5520 10880
[INFO GPL-0015] CoreAreaUxUy: 94300 116960
[INFO GPL-0016] CoreArea: 9417782400
[INFO GPL-0017] NonPlaceInstsArea: 446678400
[INFO GPL-0018] PlaceInstsArea: 192684800
[INFO GPL-0019] Util(%): 2.15
[INFO GPL-0020] StdInstsArea: 192684800
[INFO GPL-0021] MacroInstsArea: 0
[InitialPlace]  Iter: 1 CG residual: 0.00000011 HPWL: 935300
[InitialPlace]  Iter: 2 CG residual: 0.00000008 HPWL: 759107
[InitialPlace]  Iter: 3 CG residual: 0.00000005 HPWL: 755295
[InitialPlace]  Iter: 4 CG residual: 0.00000007 HPWL: 756314
[InitialPlace]  Iter: 5 CG residual: 0.00000011 HPWL: 756661
[INFO GPL-0031] FillerInit: NumGCells: 556
[INFO GPL-0032] FillerInit: NumGNets: 21
[INFO GPL-0033] FillerInit: NumGPins: 58
[INFO GPL-0023] TargetDensity: 0.60
[INFO GPL-0024] AveragePlaceInstArea: 10704711
[INFO GPL-0025] IdealBinArea: 17841184
[INFO GPL-0026] IdealBinCnt: 527
[INFO GPL-0027] TotalBinArea: 9417782400
[INFO GPL-0028] BinCnt: 16 16
[INFO GPL-0029] BinSize: 5549 6630
[INFO GPL-0030] NumBins: 256
[NesterovSolve] Iter: 1 overflow: 0.341633 HPWL: 640975
[INFO GPL-0100] worst slack 6.98e-09
[INFO GPL-0103] Weighted 0 nets.
[NesterovSolve] Snapshot saved at iter = 0
[INFO GPL-0100] worst slack 6.98e-09
[INFO GPL-0103] Weighted 1 nets.
[NesterovSolve] Iter: 10 overflow: 0.272872 HPWL: 635428
[NesterovSolve] Iter: 20 overflow: 0.227964 HPWL: 631834
[NesterovSolve] Iter: 30 overflow: 0.213381 HPWL: 630917
[NesterovSolve] Iter: 40 overflow: 0.211175 HPWL: 630836
[NesterovSolve] Iter: 50 overflow: 0.212046 HPWL: 630936
[NesterovSolve] Iter: 60 overflow: 0.220999 HPWL: 631359
[NesterovSolve] Iter: 70 overflow: 0.222222 HPWL: 631492
[NesterovSolve] Iter: 80 overflow: 0.217257 HPWL: 631253
[NesterovSolve] Iter: 90 overflow: 0.213916 HPWL: 630981
[NesterovSolve] Iter: 100 overflow: 0.215456 HPWL: 631074
[NesterovSolve] Iter: 110 overflow: 0.218541 HPWL: 631267
[NesterovSolve] Iter: 120 overflow: 0.2189 HPWL: 631310
[NesterovSolve] Iter: 130 overflow: 0.216782 HPWL: 631169
[NesterovSolve] Iter: 140 overflow: 0.215237 HPWL: 631056
[NesterovSolve] Iter: 150 overflow: 0.215856 HPWL: 631069
[NesterovSolve] Iter: 160 overflow: 0.217009 HPWL: 631146
[NesterovSolve] Iter: 170 overflow: 0.216865 HPWL: 631120
[NesterovSolve] Iter: 180 overflow: 0.215541 HPWL: 631087
[NesterovSolve] Iter: 190 overflow: 0.214764 HPWL: 631382
[NesterovSolve] Iter: 200 overflow: 0.215338 HPWL: 631655
[NesterovSolve] Iter: 210 overflow: 0.216515 HPWL: 631708
[NesterovSolve] Iter: 220 overflow: 0.217274 HPWL: 631409
[NesterovSolve] Iter: 230 overflow: 0.21749 HPWL: 631397
[NesterovSolve] Iter: 240 overflow: 0.216497 HPWL: 631963
[NesterovSolve] Iter: 250 overflow: 0.211971 HPWL: 631660
[NesterovSolve] Iter: 260 overflow: 0.208261 HPWL: 631341
[INFO GPL-0100] worst slack 6.98e-09
[INFO GPL-0103] Weighted 0 nets.
[NesterovSolve] Iter: 270 overflow: 0.205761 HPWL: 631467
[INFO GPL-0075] Routability numCall: 1 inflationIterCnt: 1 bloatIterCnt: 0
[INFO GPL-0036] TileLxLy: 0 0
[INFO GPL-0037] TileSize: 6900 6900
[INFO GPL-0038] TileCnt: 14 18
[INFO GPL-0039] numRoutingLayers: 6
[INFO GPL-0040] NumTiles: 252
[INFO GPL-0063] TotalRouteOverflowH2: 0.0
[INFO GPL-0064] TotalRouteOverflowV2: 0.0
[INFO GPL-0065] OverflowTileCnt2: 0
[INFO GPL-0066] 0.5%RC: 0.6666666865348816
[INFO GPL-0067] 1.0%RC: 0.6666666865348816
[INFO GPL-0068] 2.0%RC: 0.6666666865348816
[INFO GPL-0069] 5.0%RC: 0.6666666865348816
[INFO GPL-0070] 0.5rcK: 1.0
[INFO GPL-0071] 1.0rcK: 1.0
[INFO GPL-0072] 2.0rcK: 0.0
[INFO GPL-0073] 5.0rcK: 0.0
[INFO GPL-0074] FinalRC: 0.6666667
[NesterovSolve] Iter: 280 overflow: 0.198972 HPWL: 631536
[NesterovSolve] Iter: 290 overflow: 0.197538 HPWL: 631693
[NesterovSolve] Iter: 300 overflow: 0.195029 HPWL: 632432
[NesterovSolve] Iter: 310 overflow: 0.191928 HPWL: 633062
[NesterovSolve] Iter: 320 overflow: 0.184644 HPWL: 633620
[NesterovSolve] Iter: 330 overflow: 0.172641 HPWL: 634527
[NesterovSolve] Iter: 340 overflow: 0.160404 HPWL: 636819
[INFO GPL-0100] worst slack 6.97e-09
[INFO GPL-0103] Weighted 0 nets.
[NesterovSolve] Iter: 350 overflow: 0.140622 HPWL: 637379
[NesterovSolve] Iter: 360 overflow: 0.116908 HPWL: 638787
[NesterovSolve] Finished with Overflow: 0.098102
Setting global connections for newly added cells…
Writing OpenROAD database to '/openlane/designs/4bit/runs/RUN_2026.09.22_13.10.46/tmp/placement/7-global.odb'…
Writing netlist to '/openlane/designs/4bit/runs/RUN_2026.09.22_13.10.46/tmp/placement/7-global.nl.v'…
Writing powered netlist to '/openlane/designs/4bit/runs/RUN_2026.09.22_13.10.46/tmp/placement/7-global.pnl.v'…
Writing layout to '/openlane/designs/4bit/runs/RUN_2026.09.22_13.10.46/tmp/placement/7-global.def'…
