OpenROAD 41a51eaf4ca2171c92ff38afb91eb37bbd3f36da 
This program is licensed under the BSD-3 license. See the LICENSE file for details.
Components of this program may be licensed under more restrictive licenses which must be honored.
[INFO]: Reading ODB at '/openlane/designs/4bit/runs/RUN_2026.09.22_13.10.46/tmp/placement/7-global.odb'…
define_corners Slowest Typical Fastest
read_liberty -corner Slowest /home/onur/.ciel/ciel/sky130/versions/0fe599b2afb6708d281543108caf8310912f54af/sky130A/libs.ref/sky130_fd_sc_hd/lib/MySCL_M_ss.lib
read_liberty -corner Typical /home/onur/.ciel/ciel/sky130/versions/0fe599b2afb6708d281543108caf8310912f54af/sky130A/libs.ref/sky130_fd_sc_hd/lib/MySCL_M_tt.lib
read_liberty -corner Fastest /home/onur/.ciel/ciel/sky130/versions/0fe599b2afb6708d281543108caf8310912f54af/sky130A/libs.ref/sky130_fd_sc_hd/lib/MySCL_M_ff.lib
Using 1e-12 for capacitance...
Using 1e+03 for resistance...
Using 1e-09 for time...
Using 1e+00 for voltage...
Using 1e-03 for current...
Using 1e-09 for power...
Using 1e-06 for distance...
Reading design constraints file at '/openlane/designs/4bit/runs/RUN_2026.09.22_13.10.46/tmp/floorplan/3-initial_fp.sdc'…
[INFO]: Setting RC values...
[INFO RSZ-0027] Inserted 2 input buffers.
[INFO RSZ-0028] Inserted 4 output buffers.
[INFO RSZ-0058] Using max wire length 4508um.
[INFO RSZ-0039] Resized 5 instances.
Placement Analysis
---------------------------------
total displacement         71.4 u
average displacement        0.3 u
max displacement            7.7 u
original HPWL             650.1 u
legalized HPWL            714.5 u
delta HPWL                   10 %

[INFO DPL-0020] Mirrored 15 instances
[INFO DPL-0021] HPWL before             714.5 u
[INFO DPL-0022] HPWL after              691.5 u
[INFO DPL-0023] HPWL delta               -3.2 %
Setting global connections for newly added cells…
Writing OpenROAD database to '/openlane/designs/4bit/runs/RUN_2026.09.22_13.10.46/tmp/placement/9-resizer.odb'…
Writing netlist to '/openlane/designs/4bit/runs/RUN_2026.09.22_13.10.46/tmp/placement/9-resizer.nl.v'…
Writing powered netlist to '/openlane/designs/4bit/runs/RUN_2026.09.22_13.10.46/tmp/placement/9-resizer.pnl.v'…
Writing layout to '/openlane/designs/4bit/runs/RUN_2026.09.22_13.10.46/tmp/placement/9-resizer.def'…
Writing timing constraints to '/openlane/designs/4bit/runs/RUN_2026.09.22_13.10.46/tmp/placement/9-resizer.sdc'…
area_report

===========================================================================
report_design_area
============================================================================
Design area 388 u^2 4% utilization.
area_report_end
